Archive member included to satisfy reference by file (symbol)

/Applications/STM32CubeIDE.app/Contents/Eclipse/plugins/com.st.stm32cube.ide.mcu.externaltools.gnu-tools-for-stm32.13.3.rel1.macos64_1.0.0.202411102158/tools/bin/../lib/gcc/arm-none-eabi/13.3.1/../../../../arm-none-eabi/lib/thumb/v7e-m+fp/hard/libc_nano.a(libc_a-exit.o)
                              /Applications/STM32CubeIDE.app/Contents/Eclipse/plugins/com.st.stm32cube.ide.mcu.externaltools.gnu-tools-for-stm32.13.3.rel1.macos64_1.0.0.202411102158/tools/bin/../lib/gcc/arm-none-eabi/13.3.1/../../../../arm-none-eabi/lib/thumb/v7e-m+fp/hard/crt0.o (exit)
/Applications/STM32CubeIDE.app/Contents/Eclipse/plugins/com.st.stm32cube.ide.mcu.externaltools.gnu-tools-for-stm32.13.3.rel1.macos64_1.0.0.202411102158/tools/bin/../lib/gcc/arm-none-eabi/13.3.1/../../../../arm-none-eabi/lib/thumb/v7e-m+fp/hard/libc_nano.a(libc_a-findfp.o)
                              /Applications/STM32CubeIDE.app/Contents/Eclipse/plugins/com.st.stm32cube.ide.mcu.externaltools.gnu-tools-for-stm32.13.3.rel1.macos64_1.0.0.202411102158/tools/bin/../lib/gcc/arm-none-eabi/13.3.1/../../../../arm-none-eabi/lib/thumb/v7e-m+fp/hard/libc_nano.a(libc_a-exit.o) (__stdio_exit_handler)
/Applications/STM32CubeIDE.app/Contents/Eclipse/plugins/com.st.stm32cube.ide.mcu.externaltools.gnu-tools-for-stm32.13.3.rel1.macos64_1.0.0.202411102158/tools/bin/../lib/gcc/arm-none-eabi/13.3.1/../../../../arm-none-eabi/lib/thumb/v7e-m+fp/hard/libc_nano.a(libc_a-fwalk.o)
                              /Applications/STM32CubeIDE.app/Contents/Eclipse/plugins/com.st.stm32cube.ide.mcu.externaltools.gnu-tools-for-stm32.13.3.rel1.macos64_1.0.0.202411102158/tools/bin/../lib/gcc/arm-none-eabi/13.3.1/../../../../arm-none-eabi/lib/thumb/v7e-m+fp/hard/libc_nano.a(libc_a-findfp.o) (_fwalk_sglue)
/Applications/STM32CubeIDE.app/Contents/Eclipse/plugins/com.st.stm32cube.ide.mcu.externaltools.gnu-tools-for-stm32.13.3.rel1.macos64_1.0.0.202411102158/tools/bin/../lib/gcc/arm-none-eabi/13.3.1/../../../../arm-none-eabi/lib/thumb/v7e-m+fp/hard/libc_nano.a(libc_a-memset.o)
                              /Applications/STM32CubeIDE.app/Contents/Eclipse/plugins/com.st.stm32cube.ide.mcu.externaltools.gnu-tools-for-stm32.13.3.rel1.macos64_1.0.0.202411102158/tools/bin/../lib/gcc/arm-none-eabi/13.3.1/../../../../arm-none-eabi/lib/thumb/v7e-m+fp/hard/crt0.o (memset)
/Applications/STM32CubeIDE.app/Contents/Eclipse/plugins/com.st.stm32cube.ide.mcu.externaltools.gnu-tools-for-stm32.13.3.rel1.macos64_1.0.0.202411102158/tools/bin/../lib/gcc/arm-none-eabi/13.3.1/../../../../arm-none-eabi/lib/thumb/v7e-m+fp/hard/libc_nano.a(libc_a-errno.o)
                              build/sysmem.o (__errno)
/Applications/STM32CubeIDE.app/Contents/Eclipse/plugins/com.st.stm32cube.ide.mcu.externaltools.gnu-tools-for-stm32.13.3.rel1.macos64_1.0.0.202411102158/tools/bin/../lib/gcc/arm-none-eabi/13.3.1/../../../../arm-none-eabi/lib/thumb/v7e-m+fp/hard/libc_nano.a(libc_a-init.o)
                              /Applications/STM32CubeIDE.app/Contents/Eclipse/plugins/com.st.stm32cube.ide.mcu.externaltools.gnu-tools-for-stm32.13.3.rel1.macos64_1.0.0.202411102158/tools/bin/../lib/gcc/arm-none-eabi/13.3.1/../../../../arm-none-eabi/lib/thumb/v7e-m+fp/hard/crt0.o (__libc_init_array)
/Applications/STM32CubeIDE.app/Contents/Eclipse/plugins/com.st.stm32cube.ide.mcu.externaltools.gnu-tools-for-stm32.13.3.rel1.macos64_1.0.0.202411102158/tools/bin/../lib/gcc/arm-none-eabi/13.3.1/../../../../arm-none-eabi/lib/thumb/v7e-m+fp/hard/libc_nano.a(libc_a-lock.o)
                              /Applications/STM32CubeIDE.app/Contents/Eclipse/plugins/com.st.stm32cube.ide.mcu.externaltools.gnu-tools-for-stm32.13.3.rel1.macos64_1.0.0.202411102158/tools/bin/../lib/gcc/arm-none-eabi/13.3.1/../../../../arm-none-eabi/lib/thumb/v7e-m+fp/hard/libc_nano.a(libc_a-findfp.o) (__retarget_lock_init_recursive)
/Applications/STM32CubeIDE.app/Contents/Eclipse/plugins/com.st.stm32cube.ide.mcu.externaltools.gnu-tools-for-stm32.13.3.rel1.macos64_1.0.0.202411102158/tools/bin/../lib/gcc/arm-none-eabi/13.3.1/../../../../arm-none-eabi/lib/thumb/v7e-m+fp/hard/libc_nano.a(libc_a-impure.o)
                              /Applications/STM32CubeIDE.app/Contents/Eclipse/plugins/com.st.stm32cube.ide.mcu.externaltools.gnu-tools-for-stm32.13.3.rel1.macos64_1.0.0.202411102158/tools/bin/../lib/gcc/arm-none-eabi/13.3.1/../../../../arm-none-eabi/lib/thumb/v7e-m+fp/hard/libc_nano.a(libc_a-errno.o) (_impure_ptr)
/Applications/STM32CubeIDE.app/Contents/Eclipse/plugins/com.st.stm32cube.ide.mcu.externaltools.gnu-tools-for-stm32.13.3.rel1.macos64_1.0.0.202411102158/tools/bin/../lib/gcc/arm-none-eabi/13.3.1/../../../../arm-none-eabi/lib/thumb/v7e-m+fp/hard/libc_nano.a(libc_a-mallocr.o)
[...]
Memory Configuration

Name             Origin             Length             Attributes
RAM              0x20000000         0x00020000         xrw
FLASH            0x08000000         0x00040000         xr
*default*        0x00000000         0xffffffff

Linker script and memory map

LOAD /Applications/STM32CubeIDE.app/Contents/Eclipse/plugins/com.st.stm32cube.ide.mcu.externaltools.gnu-tools-for-stm32.13.3.rel1.macos64_1.0.0.202411102158/tools/bin/../lib/gcc/arm-none-eabi/13.3.1/thumb/v7e-m+fp/hard/crti.o
LOAD /Applications/STM32CubeIDE.app/Contents/Eclipse/plugins/com.st.stm32cube.ide.mcu.externaltools.gnu-tools-for-stm32.13.3.rel1.macos64_1.0.0.202411102158/tools/bin/../lib/gcc/arm-none-eabi/13.3.1/thumb/v7e-m+fp/hard/crtbegin.o
LOAD /Applications/STM32CubeIDE.app/Contents/Eclipse/plugins/com.st.stm32cube.ide.mcu.externaltools.gnu-tools-for-stm32.13.3.rel1.macos64_1.0.0.202411102158/tools/bin/../lib/gcc/arm-none-eabi/13.3.1/../../../../arm-none-eabi/lib/thumb/v7e-m+fp/hard/crt0.o
LOAD build/main.o
LOAD build/stm32f4xx_it.o
LOAD build/stm32f4xx_hal_msp.o
LOAD build/stm32f4xx_hal_rcc.o
LOAD build/stm32f4xx_hal_rcc_ex.o
LOAD build/stm32f4xx_hal_flash.o
LOAD build/stm32f4xx_hal_tim.o
LOAD build/stm32f4xx_hal_tim_ex.o
LOAD build/stm32f4xx_hal_flash_ex.o
LOAD build/stm32f4xx_hal_flash_ramfunc.o
LOAD build/stm32f4xx_hal_gpio.o
LOAD build/stm32f4xx_hal_dma_ex.o
LOAD build/stm32f4xx_hal_dma.o
LOAD build/stm32f4xx_hal_pwr.o
LOAD build/stm32f4xx_hal_pwr_ex.o
LOAD build/stm32f4xx_hal_cortex.o
LOAD build/stm32f4xx_hal.o
LOAD build/stm32f4xx_hal_exti.o
LOAD build/system_stm32f4xx.o
LOAD build/sysmem.o
LOAD build/syscalls.o
LOAD build/startup_stm32f446xx.o
LOAD /Applications/STM32CubeIDE.app/Contents/Eclipse/plugins/com.st.stm32cube.ide.mcu.externaltools.gnu-tools-for-stm32.13.3.rel1.macos64_1.0.0.202411102158/tools/bin/../lib/gcc/arm-none-eabi/13.3.1/../../../../arm-none-eabi/lib/thumb/v7e-m+fp/hard/libc_nano.a
LOAD /Applications/STM32CubeIDE.app/Contents/Eclipse/plugins/com.st.stm32cube.ide.mcu.externaltools.gnu-tools-for-stm32.13.3.rel1.macos64_1.0.0.202411102158/tools/bin/../lib/gcc/arm-none-eabi/13.3.1/../../../../arm-none-eabi/lib/thumb/v7e-m+fp/hard/libm.a
LOAD /Applications/STM32CubeIDE.app/Contents/Eclipse/plugins/com.st.stm32cube.ide.mcu.externaltools.gnu-tools-for-stm32.13.3.rel1.macos64_1.0.0.202411102158/tools/bin/../lib/gcc/arm-none-eabi/13.3.1/../../../../arm-none-eabi/lib/thumb/v7e-m+fp/hard/libnosys.a
START GROUP
LOAD /Applications/STM32CubeIDE.app/Contents/Eclipse/plugins/com.st.stm32cube.ide.mcu.externaltools.gnu-tools-for-stm32.13.3.rel1.macos64_1.0.0.202411102158/tools/bin/../lib/gcc/arm-none-eabi/13.3.1/thumb/v7e-m+fp/hard/libgcc.a
LOAD /Applications/STM32CubeIDE.app/Contents/Eclipse/plugins/com.st.stm32cube.ide.mcu.externaltools.gnu-tools-for-stm32.13.3.rel1.macos64_1.0.0.202411102158/tools/bin/../lib/gcc/arm-none-eabi/13.3.1/../../../../arm-none-eabi/lib/thumb/v7e-m+fp/hard/libc_nano.a
END GROUP
START GROUP
LOAD /Applications/STM32CubeIDE.app/Contents/Eclipse/plugins/com.st.stm32cube.ide.mcu.externaltools.gnu-tools-for-stm32.13.3.rel1.macos64_1.0.0.202411102158/tools/bin/../lib/gcc/arm-none-eabi/13.3.1/thumb/v7e-m+fp/hard/libgcc.a
LOAD /Applications/STM32CubeIDE.app/Contents/Eclipse/plugins/com.st.stm32cube.ide.mcu.externaltools.gnu-tools-for-stm32.13.3.rel1.macos64_1.0.0.202411102158/tools/bin/../lib/gcc/arm-none-eabi/13.3.1/../../../../arm-none-eabi/lib/thumb/v7e-m+fp/hard/libc_nano.a
END GROUP
LOAD /Applications/STM32CubeIDE.app/Contents/Eclipse/plugins/com.st.stm32cube.ide.mcu.externaltools.gnu-tools-for-stm32.13.3.rel1.macos64_1.0.0.202411102158/tools/bin/../lib/gcc/arm-none-eabi/13.3.1/thumb/v7e-m+fp/hard/crtend.o
LOAD /Applications/STM32CubeIDE.app/Contents/Eclipse/plugins/com.st.stm32cube.ide.mcu.externaltools.gnu-tools-for-stm32.13.3.rel1.macos64_1.0.0.202411102158/tools/bin/../lib/gcc/arm-none-eabi/13.3.1/thumb/v7e-m+fp/hard/crtn.o
                0x20020000                        _estack = (ORIGIN (RAM) + LENGTH (RAM))
                0x00000200                        _Min_Heap_Size = 0x200
                0x00000400                        _Min_Stack_Size = 0x400

.isr_vector     0x08000000      0x1c4
                0x08000000                        . = ALIGN (0x4)
 *(.isr_vector)
 .isr_vector    0x08000000      0x1c4 build/startup_stm32f446xx.o
                0x08000000                g_pfnVectors
                0x080001c4                        . = ALIGN (0x4)

.text           0x080001c4     0x1ed0
                0x080001c4                        . = ALIGN (0x4)
 *(.text)
 .text          0x080001c4       0x40 /Applications/STM32CubeIDE.app/Contents/Eclipse/plugins/com.st.stm32cube.ide.mcu.externaltools.gnu-tools-for-stm32.13.3.rel1.macos64_1.0.0.202411102158/tools/bin/../lib/gcc/arm-none-eabi/13.3.1/thumb/v7e-m+fp/hard/crtbegin.o
 .text          0x08000204      0x378 /Applications/STM32CubeIDE.app/Contents/Eclipse/plugins/com.st.stm32cube.ide.mcu.externaltools.gnu-tools-for-stm32.13.3.rel1.macos64_1.0.0.202411102158/tools/bin/../lib/gcc/arm-none-eabi/13.3.1/thumb/v7e-m+fp/hard/libgcc.a(_arm_addsubdf3.o)
                0x08000204                __aeabi_drsub
                0x0800020c                __subdf3
                0x0800020c                __aeabi_dsub
                0x08000210                __aeabi_dadd
                0x08000210                __adddf3
                0x08000488                __aeabi_ui2d
                0x08000488                __floatunsidf
                0x080004a8                __floatsidf
                0x080004a8                __aeabi_i2d
                0x080004cc                __extendsfdf2
                0x080004cc                __aeabi_f2d
                0x08000510                __aeabi_ul2d
                0x08000510                __floatundidf
                0x08000520                __aeabi_l2d
                0x08000520                __floatdidf
 .text          0x0800057c      0x424 /Applications/STM32CubeIDE.app/Contents/Eclipse/plugins/com.st.stm32cube.ide.mcu.externaltools.gnu-tools-for-stm32.13.3.rel1.macos64_1.0.0.202411102158/tools/bin/../lib/gcc/arm-none-eabi/13.3.1/thumb/v7e-m+fp/hard/libgcc.a(_arm_muldivdf3.o)
                0x0800057c                __aeabi_dmul
                0x0800057c                __muldf3
                0x080007d0                __aeabi_ddiv
                0x080007d0                __divdf3
 .text          0x080009a0       0x30 /Applications/STM32CubeIDE.app/Contents/Eclipse/plugins/com.st.stm32cube.ide.mcu.externaltools.gnu-tools-for-stm32.13.3.rel1.macos64_1.0.0.202411102158/tools/bin/../lib/gcc/arm-none-eabi/13.3.1/thumb/v7e-m+fp/hard/libgcc.a(_aeabi_uldivmod.o)
                0x080009a0                __aeabi_uldivmod
 .text          0x080009d0      0x2f8 /Applications/STM32CubeIDE.app/Contents/Eclipse/plugins/com.st.stm32cube.ide.mcu.externaltools.gnu-tools-for-stm32.13.3.rel1.macos64_1.0.0.202411102158/tools/bin/../lib/gcc/arm-none-eabi/13.3.1/thumb/v7e-m+fp/hard/libgcc.a(_udivmoddi4.o)
                0x080009d0                __udivmoddi4
 .text          0x08000cc8        0x4 /Applications/STM32CubeIDE.app/Contents/Eclipse/plugins/com.st.stm32cube.ide.mcu.externaltools.gnu-tools-for-stm32.13.3.rel1.macos64_1.0.0.202411102158/tools/bin/../lib/gcc/arm-none-eabi/13.3.1/thumb/v7e-m+fp/hard/libgcc.a(_dvmd_tls.o)
                0x08000cc8                __aeabi_ldiv0
                0x08000cc8                __aeabi_idiv0
 *(.text*)
 .text.MX_GPIO_Init
                0x08000ccc       0x7c build/main.o
 .text.mandelbrot_sum_stripe
                0x08000d48      0x12c build/main.o
                0x08000d48                mandelbrot_sum_stripe
 .text.calculate_mandelbrot_striped_total
                0x08000e74       0x48 build/main.o
                0x08000e74                calculate_mandelbrot_striped_total
 .text.Error_Handler
                0x08000ebc        0x4 build/main.o
                0x08000ebc                Error_Handler
 .text.MX_TIM2_Init
                0x08000ec0       0x64 build/main.o
 .text.SystemClock_Config
                0x08000f24       0xac build/main.o
                0x08000f24                SystemClock_Config
 .text.main     0x08000fd0      0x170 build/main.o
                0x08000fd0                main
 .text.NMI_Handler
                0x08001140        0x2 build/stm32f4xx_it.o
                0x08001140                NMI_Handler
 .text.HardFault_Handler
                0x08001142        0x2 build/stm32f4xx_it.o
                0x08001142                HardFault_Handler
 .text.MemManage_Handler
                0x08001144        0x2 build/stm32f4xx_it.o
                0x08001144                MemManage_Handler
 .text.BusFault_Handler
                0x08001146        0x2 build/stm32f4xx_it.o
                0x08001146                BusFault_Handler
 .text.UsageFault_Handler
                0x08001148        0x2 build/stm32f4xx_it.o
                0x08001148                UsageFault_Handler
 .text.SVC_Handler
                0x0800114a        0x2 build/stm32f4xx_it.o
                0x0800114a                SVC_Handler
 .text.DebugMon_Handler
                0x0800114c        0x2 build/stm32f4xx_it.o
                0x0800114c                DebugMon_Handler
 .text.PendSV_Handler
                0x0800114e        0x2 build/stm32f4xx_it.o
                0x0800114e                PendSV_Handler
 .text.SysTick_Handler
                0x08001150        0x8 build/stm32f4xx_it.o
                0x08001150                SysTick_Handler
 .text.HAL_MspInit
                0x08001158       0x38 build/stm32f4xx_hal_msp.o
                0x08001158                HAL_MspInit
 .text.HAL_TIM_Base_MspInit
                0x08001190       0x2c build/stm32f4xx_hal_msp.o
                0x08001190                HAL_TIM_Base_MspInit
 .text.HAL_RCC_ClockConfig
                0x080011bc      0x160 build/stm32f4xx_hal_rcc.o
                0x080011bc                HAL_RCC_ClockConfig
 .text.HAL_RCC_GetSysClockFreq
                0x0800131c      0x128 build/stm32f4xx_hal_rcc_ex.o
                0x0800131c                HAL_RCC_GetSysClockFreq
 .text.HAL_RCC_OscConfig
                0x08001444      0x444 build/stm32f4xx_hal_rcc_ex.o
                0x08001444                HAL_RCC_OscConfig
 .text.TIM_TI1_ConfigInputStage
                0x08001888       0x26 build/stm32f4xx_hal_tim.o
 .text.TIM_TI2_ConfigInputStage
                0x080018ae       0x28 build/stm32f4xx_hal_tim.o
 .text.TIM_ITRx_SetConfig
                0x080018d6       0x10 build/stm32f4xx_hal_tim.o
 *fill*         0x080018e6        0x2 
 .text.HAL_TIM_Base_Start
                0x080018e8       0x7c build/stm32f4xx_hal_tim.o
                0x080018e8                HAL_TIM_Base_Start
 .text.TIM_Base_SetConfig
                0x08001964       0xd0 build/stm32f4xx_hal_tim.o
                0x08001964                TIM_Base_SetConfig
 .text.HAL_TIM_Base_Init
                0x08001a34       0x58 build/stm32f4xx_hal_tim.o
                0x08001a34                HAL_TIM_Base_Init
 .text.TIM_ETR_SetConfig
                0x08001a8c       0x1a build/stm32f4xx_hal_tim.o
                0x08001a8c                TIM_ETR_SetConfig
 .text.HAL_TIM_ConfigClockSource
                0x08001aa6       0xfe build/stm32f4xx_hal_tim.o
                0x08001aa6                HAL_TIM_ConfigClockSource
 .text.HAL_TIMEx_MasterConfigSynchronization
                0x08001ba4       0x8c build/stm32f4xx_hal_tim_ex.o
                0x08001ba4                HAL_TIMEx_MasterConfigSynchronization
 .text.HAL_GPIO_Init
                0x08001c30      0x1e0 build/stm32f4xx_hal_gpio.o
                0x08001c30                HAL_GPIO_Init
 .text.HAL_GPIO_WritePin
                0x08001e10        0xc build/stm32f4xx_hal_gpio.o
                0x08001e10                HAL_GPIO_WritePin
 .text.__NVIC_SetPriority
                0x08001e1c       0x28 build/stm32f4xx_hal_cortex.o
 .text.NVIC_EncodePriority
                0x08001e44       0x3e build/stm32f4xx_hal_cortex.o
 *fill*         0x08001e82        0x2 
 .text.HAL_NVIC_SetPriorityGrouping
                0x08001e84       0x24 build/stm32f4xx_hal_cortex.o
                0x08001e84                HAL_NVIC_SetPriorityGrouping
 .text.HAL_NVIC_SetPriority
                0x08001ea8       0x20 build/stm32f4xx_hal_cortex.o
                0x08001ea8                HAL_NVIC_SetPriority
 .text.HAL_SYSTICK_Config
                0x08001ec8       0x28 build/stm32f4xx_hal_cortex.o
                0x08001ec8                HAL_SYSTICK_Config
 .text.HAL_InitTick
                0x08001ef0       0x4c build/stm32f4xx_hal.o
                0x08001ef0                HAL_InitTick
 .text.HAL_Init
                0x08001f3c       0x34 build/stm32f4xx_hal.o
                0x08001f3c                HAL_Init
 .text.HAL_IncTick
                0x08001f70       0x18 build/stm32f4xx_hal.o
                0x08001f70                HAL_IncTick
 .text.HAL_GetTick
                0x08001f88        0xc build/stm32f4xx_hal.o
                0x08001f88                HAL_GetTick
 .text.HAL_Delay
                0x08001f94       0x28 build/stm32f4xx_hal.o
                0x08001f94                HAL_Delay
 .text.SystemInit
                0x08001fbc       0x14 build/system_stm32f4xx.o
                0x08001fbc                SystemInit
 .text.Reset_Handler
                0x08001fd0       0x50 build/startup_stm32f446xx.o
                0x08001fd0                Reset_Handler
 .text.Default_Handler
                0x08002020        0x2 build/startup_stm32f446xx.o
                0x08002020                DMA1_Stream3_IRQHandler
                0x08002020                EXTI2_IRQHandler
                0x08002020                TIM8_CC_IRQHandler
                0x08002020                FMPI2C1_EV_IRQHandler
                0x08002020                SPI4_IRQHandler
                0x08002020                TIM1_CC_IRQHandler
                0x08002020                DMA2_Stream5_IRQHandler
                0x08002020                DMA1_Stream5_IRQHandler
                0x08002020                PVD_IRQHandler
                0x08002020                SDIO_IRQHandler
                0x08002020                TAMP_STAMP_IRQHandler
                0x08002020                CAN2_RX1_IRQHandler
                0x08002020                EXTI3_IRQHandler
                0x08002020                TIM8_TRG_COM_TIM14_IRQHandler
                0x08002020                TIM1_UP_TIM10_IRQHandler
                0x08002020                TIM8_UP_TIM13_IRQHandler
                0x08002020                I2C3_ER_IRQHandler
                0x08002020                EXTI0_IRQHandler
                0x08002020                I2C2_EV_IRQHandler
                0x08002020                DMA1_Stream2_IRQHandler
                0x08002020                CAN1_RX0_IRQHandler
                0x08002020                FPU_IRQHandler
                0x08002020                OTG_HS_WKUP_IRQHandler
                0x08002020                CAN2_SCE_IRQHandler
                0x08002020                DMA2_Stream2_IRQHandler
                0x08002020                SPI1_IRQHandler
                0x08002020                TIM6_DAC_IRQHandler
                0x08002020                TIM1_BRK_TIM9_IRQHandler
                0x08002020                DCMI_IRQHandler
                0x08002020                CAN2_RX0_IRQHandler
                0x08002020                DMA2_Stream3_IRQHandler
                0x08002020                SAI2_IRQHandler
                0x08002020                USART6_IRQHandler
                0x08002020                USART3_IRQHandler
                0x08002020                CAN1_RX1_IRQHandler
                0x08002020                UART5_IRQHandler
                0x08002020                DMA2_Stream0_IRQHandler
                0x08002020                TIM4_IRQHandler
                0x08002020                QUADSPI_IRQHandler
                0x08002020                I2C1_EV_IRQHandler
                0x08002020                DMA1_Stream6_IRQHandler
                0x08002020                DMA1_Stream1_IRQHandler
                0x08002020                UART4_IRQHandler
                0x08002020                TIM3_IRQHandler
                0x08002020                RCC_IRQHandler
                0x08002020                TIM8_BRK_TIM12_IRQHandler
                0x08002020                Default_Handler
                0x08002020                CEC_IRQHandler
                0x08002020                EXTI15_10_IRQHandler
                0x08002020                ADC_IRQHandler
                0x08002020                DMA1_Stream7_IRQHandler
                0x08002020                TIM7_IRQHandler
                0x08002020                CAN2_TX_IRQHandler
                0x08002020                TIM5_IRQHandler
                0x08002020                DMA2_Stream7_IRQHandler
                0x08002020                I2C3_EV_IRQHandler
                0x08002020                EXTI9_5_IRQHandler
                0x08002020                RTC_WKUP_IRQHandler
                0x08002020                SPDIF_RX_IRQHandler
                0x08002020                SPI2_IRQHandler
                0x08002020                OTG_HS_EP1_IN_IRQHandler
                0x08002020                DMA1_Stream0_IRQHandler
                0x08002020                CAN1_TX_IRQHandler
                0x08002020                FMPI2C1_ER_IRQHandler
                0x08002020                EXTI4_IRQHandler
                0x08002020                OTG_HS_EP1_OUT_IRQHandler
                0x08002020                WWDG_IRQHandler
                0x08002020                TIM2_IRQHandler
                0x08002020                OTG_FS_WKUP_IRQHandler
                0x08002020                TIM1_TRG_COM_TIM11_IRQHandler
                0x08002020                OTG_HS_IRQHandler
                0x08002020                EXTI1_IRQHandler
                0x08002020                USART2_IRQHandler
                0x08002020                I2C2_ER_IRQHandler
                0x08002020                DMA2_Stream1_IRQHandler
                0x08002020                CAN1_SCE_IRQHandler
                0x08002020                FLASH_IRQHandler
                0x08002020                DMA2_Stream4_IRQHandler
                0x08002020                USART1_IRQHandler
                0x08002020                OTG_FS_IRQHandler
                0x08002020                SPI3_IRQHandler
                0x08002020                DMA1_Stream4_IRQHandler
                0x08002020                I2C1_ER_IRQHandler
                0x08002020                FMC_IRQHandler
                0x08002020                DMA2_Stream6_IRQHandler
                0x08002020                SAI1_IRQHandler
                0x08002020                RTC_Alarm_IRQHandler
 .text.memset   0x08002022       0x10 /Applications/STM32CubeIDE.app/Contents/Eclipse/plugins/com.st.stm32cube.ide.mcu.externaltools.gnu-tools-for-stm32.13.3.rel1.macos64_1.0.0.202411102158/tools/bin/../lib/gcc/arm-none-eabi/13.3.1/../../../../arm-none-eabi/lib/thumb/v7e-m+fp/hard/libc_nano.a(libc_a-memset.o)
                0x08002022                memset
 *fill*         0x08002032        0x2 
 .text.__libc_init_array
                0x08002034       0x48 /Applications/STM32CubeIDE.app/Contents/Eclipse/plugins/com.st.stm32cube.ide.mcu.externaltools.gnu-tools-for-stm32.13.3.rel1.macos64_1.0.0.202411102158/tools/bin/../lib/gcc/arm-none-eabi/13.3.1/../../../../arm-none-eabi/lib/thumb/v7e-m+fp/hard/libc_nano.a(libc_a-init.o)
                0x08002034                __libc_init_array
 *(.glue_7)
 .glue_7        0x0800207c        0x0 linker stubs
 *(.glue_7t)
 .glue_7t       0x0800207c        0x0 linker stubs
 *(.eh_frame)
 .eh_frame      0x0800207c        0x0 /Applications/STM32CubeIDE.app/Contents/Eclipse/plugins/com.st.stm32cube.ide.mcu.externaltools.gnu-tools-for-stm32.13.3.rel1.macos64_1.0.0.202411102158/tools/bin/../lib/gcc/arm-none-eabi/13.3.1/thumb/v7e-m+fp/hard/crtbegin.o
 *(.init)
 .init          0x0800207c        0x4 /Applications/STM32CubeIDE.app/Contents/Eclipse/plugins/com.st.stm32cube.ide.mcu.externaltools.gnu-tools-for-stm32.13.3.rel1.macos64_1.0.0.202411102158/tools/bin/../lib/gcc/arm-none-eabi/13.3.1/thumb/v7e-m+fp/hard/crti.o
                0x0800207c                _init
 .init          0x08002080        0x8 /Applications/STM32CubeIDE.app/Contents/Eclipse/plugins/com.st.stm32cube.ide.mcu.externaltools.gnu-tools-for-stm32.13.3.rel1.macos64_1.0.0.202411102158/tools/bin/../lib/gcc/arm-none-eabi/13.3.1/thumb/v7e-m+fp/hard/crtn.o
 *(.fini)
 .fini          0x08002088        0x4 /Applications/STM32CubeIDE.app/Contents/Eclipse/plugins/com.st.stm32cube.ide.mcu.externaltools.gnu-tools-for-stm32.13.3.rel1.macos64_1.0.0.202411102158/tools/bin/../lib/gcc/arm-none-eabi/13.3.1/thumb/v7e-m+fp/hard/crti.o
                0x08002088                _fini
 .fini          0x0800208c        0x8 /Applications/STM32CubeIDE.app/Contents/Eclipse/plugins/com.st.stm32cube.ide.mcu.externaltools.gnu-tools-for-stm32.13.3.rel1.macos64_1.0.0.202411102158/tools/bin/../lib/gcc/arm-none-eabi/13.3.1/thumb/v7e-m+fp/hard/crtn.o
                0x08002094                        . = ALIGN (0x4)
                0x08002094                        _etext = .

.vfp11_veneer   0x08002094        0x0
 .vfp11_veneer  0x08002094        0x0 linker stubs

.v4_bx          0x08002094        0x0
 .v4_bx         0x08002094        0x0 linker stubs

.iplt           0x08002094        0x0
 .iplt          0x08002094        0x0 /Applications/STM32CubeIDE.app/Contents/Eclipse/plugins/com.st.stm32cube.ide.mcu.externaltools.gnu-tools-for-stm32.13.3.rel1.macos64_1.0.0.202411102158/tools/bin/../lib/gcc/arm-none-eabi/13.3.1/thumb/v7e-m+fp/hard/crtbegin.o

.rodata         0x08002094       0x10
                0x08002094                        . = ALIGN (0x4)
 *(.rodata)
 *(.rodata*)
 .rodata.AHBPrescTable
                0x08002094       0x10 build/system_stm32f4xx.o
                0x08002094                AHBPrescTable
                0x080020a4                        . = ALIGN (0x4)

.ARM.extab      0x080020a4        0x0
                0x080020a4                        . = ALIGN (0x4)
 *(.ARM.extab* .gnu.linkonce.armextab.*)
                0x080020a4                        . = ALIGN (0x4)

.ARM            0x080020a4        0x8
                0x080020a4                        . = ALIGN (0x4)
                0x080020a4                        __exidx_start = .
 *(.ARM.exidx*)
 .ARM.exidx     0x080020a4        0x8 /Applications/STM32CubeIDE.app/Contents/Eclipse/plugins/com.st.stm32cube.ide.mcu.externaltools.gnu-tools-for-stm32.13.3.rel1.macos64_1.0.0.202411102158/tools/bin/../lib/gcc/arm-none-eabi/13.3.1/thumb/v7e-m+fp/hard/libgcc.a(_udivmoddi4.o)
                0x080020ac                        __exidx_end = .
                0x080020ac                        . = ALIGN (0x4)

.preinit_array  0x080020ac        0x0
                0x080020ac                        . = ALIGN (0x4)
                0x080020ac                        PROVIDE (__preinit_array_start = .)
 *(.preinit_array*)
                0x080020ac                        PROVIDE (__preinit_array_end = .)
                0x080020ac                        . = ALIGN (0x4)

.init_array     0x080020ac        0x4
                0x080020ac                        . = ALIGN (0x4)
                0x080020ac                        PROVIDE (__init_array_start = .)
 *(SORT_BY_NAME(.init_array.*))
 *(.init_array*)
 .init_array    0x080020ac        0x4 /Applications/STM32CubeIDE.app/Contents/Eclipse/plugins/com.st.stm32cube.ide.mcu.externaltools.gnu-tools-for-stm32.13.3.rel1.macos64_1.0.0.202411102158/tools/bin/../lib/gcc/arm-none-eabi/13.3.1/thumb/v7e-m+fp/hard/crtbegin.o
                0x080020b0                        PROVIDE (__init_array_end = .)
                0x080020b0                        . = ALIGN (0x4)

.fini_array     0x080020b0        0x4
                0x080020b0                        . = ALIGN (0x4)
                [!provide]                        PROVIDE (__fini_array_start = .)
 *(SORT_BY_NAME(.fini_array.*))
 *(.fini_array*)
 .fini_array    0x080020b0        0x4 /Applications/STM32CubeIDE.app/Contents/Eclipse/plugins/com.st.stm32cube.ide.mcu.externaltools.gnu-tools-for-stm32.13.3.rel1.macos64_1.0.0.202411102158/tools/bin/../lib/gcc/arm-none-eabi/13.3.1/thumb/v7e-m+fp/hard/crtbegin.o
                [!provide]                        PROVIDE (__fini_array_end = .)
                0x080020b4                        . = ALIGN (0x4)
                0x080020b4                        _sidata = LOADADDR (.data)

.rel.dyn        0x080020b4        0x0
 .rel.iplt      0x080020b4        0x0 /Applications/STM32CubeIDE.app/Contents/Eclipse/plugins/com.st.stm32cube.ide.mcu.externaltools.gnu-tools-for-stm32.13.3.rel1.macos64_1.0.0.202411102158/tools/bin/../lib/gcc/arm-none-eabi/13.3.1/thumb/v7e-m+fp/hard/crtbegin.o

.data           0x20000000       0x20 load address 0x080020b4
                0x20000000                        . = ALIGN (0x4)
                0x20000000                        _sdata = .
 *(.data)
 *(.data*)
 .data.rows     0x20000000        0x4 build/main.o
                0x20000000                rows
 .data.num_sizes
                0x20000004        0x4 build/main.o
                0x20000004                num_sizes
 .data.sizes    0x20000008        0xc build/main.o
                0x20000008                sizes
 .data.uwTickFreq
                0x20000014        0x1 build/stm32f4xx_hal.o
                0x20000014                uwTickFreq
 *fill*         0x20000015        0x3 
 .data.uwTickPrio
                0x20000018        0x4 build/stm32f4xx_hal.o
                0x20000018                uwTickPrio
 .data.SystemCoreClock
                0x2000001c        0x4 build/system_stm32f4xx.o
                0x2000001c                SystemCoreClock
 *(.RamFunc)
 *(.RamFunc*)
                0x20000020                        . = ALIGN (0x4)
                0x20000020                        _edata = .

.igot.plt       0x20000020        0x0 load address 0x080020d4
 .igot.plt      0x20000020        0x0 /Applications/STM32CubeIDE.app/Contents/Eclipse/plugins/com.st.stm32cube.ide.mcu.externaltools.gnu-tools-for-stm32.13.3.rel1.macos64_1.0.0.202411102158/tools/bin/../lib/gcc/arm-none-eabi/13.3.1/thumb/v7e-m+fp/hard/crtbegin.o
                0x20000020                        . = ALIGN (0x4)

.bss            0x20000020      0x164 load address 0x080020d4
                0x20000020                        _sbss = .
                0x20000020                        __bss_start__ = _sbss
 *(.bss)
 .bss           0x20000020       0x1c /Applications/STM32CubeIDE.app/Contents/Eclipse/plugins/com.st.stm32cube.ide.mcu.externaltools.gnu-tools-for-stm32.13.3.rel1.macos64_1.0.0.202411102158/tools/bin/../lib/gcc/arm-none-eabi/13.3.1/thumb/v7e-m+fp/hard/crtbegin.o
 *(.bss*)
 *fill*         0x2000003c        0x4 
 .bss.throughput
                0x20000040       0x40 build/main.o
                0x20000040                throughput
 .bss.cycle_cnt
                0x20000080       0x40 build/main.o
                0x20000080                cycle_cnt
 .bss.execution_times
                0x200000c0       0x20 build/main.o
                0x200000c0                execution_times
 .bss.checksums
                0x200000e0       0x40 build/main.o
                0x200000e0                checksums
 .bss.end_cnt   0x20000120        0x8 build/main.o
                0x20000120                end_cnt
 .bss.start_cnt
                0x20000128        0x8 build/main.o
                0x20000128                start_cnt
 .bss.end_time  0x20000130        0x4 build/main.o
                0x20000130                end_time
 .bss.start_time
                0x20000134        0x4 build/main.o
                0x20000134                start_time
 .bss.htim2     0x20000138       0x48 build/main.o
                0x20000138                htim2
 .bss.uwTick    0x20000180        0x4 build/stm32f4xx_hal.o
                0x20000180                uwTick
 *(COMMON)
                0x20000184                        . = ALIGN (0x4)
                0x20000184                        _ebss = .
                0x20000184                        __bss_end__ = _ebss

._user_heap_stack
                0x20000184      0x604 load address 0x080020d4
                0x20000188                        . = ALIGN (0x8)
 *fill*         0x20000184        0x4 
                [!provide]                        PROVIDE (end = .)
                0x20000188                        PROVIDE (_end = .)
                0x20000388                        . = (. + _Min_Heap_Size)
 *fill*         0x20000188      0x200 
                0x20000788                        . = (. + _Min_Stack_Size)
 *fill*         0x20000388      0x400 
                0x20000788                        . = ALIGN (0x8)

/DISCARD/
 libc.a(*)
 libm.a(*)
 libgcc.a(*)
OUTPUT(build/Practical_3F4.elf elf32-littlearm)
LOAD linker stubs
LOAD /Applications/STM32CubeIDE.app/Contents/Eclipse/plugins/com.st.stm32cube.ide.mcu.externaltools.gnu-tools-for-stm32.13.3.rel1.macos64_1.0.0.202411102158/tools/bin/../lib/gcc/arm-none-eabi/13.3.1/../../../../arm-none-eabi/lib/thumb/v7e-m+fp/hard/libc.a
LOAD /Applications/STM32CubeIDE.app/Contents/Eclipse/plugins/com.st.stm32cube.ide.mcu.externaltools.gnu-tools-for-stm32.13.3.rel1.macos64_1.0.0.202411102158/tools/bin/../lib/gcc/arm-none-eabi/13.3.1/../../../../arm-none-eabi/lib/thumb/v7e-m+fp/hard/libm.a
LOAD /Applications/STM32CubeIDE.app/Contents/Eclipse/plugins/com.st.stm32cube.ide.mcu.externaltools.gnu-tools-for-stm32.13.3.rel1.macos64_1.0.0.202411102158/tools/bin/../lib/gcc/arm-none-eabi/13.3.1/thumb/v7e-m+fp/hard/libgcc.a

.ARM.attributes
                0x00000000       0x30
 .ARM.attributes
                0x00000000       0x22 /Applications/STM32CubeIDE.app/Contents/Eclipse/plugins/com.st.stm32cube.ide.mcu.externaltools.gnu-tools-for-stm32.13.3.rel1.macos64_1.0.0.202411102158/tools/bin/../lib/gcc/arm-none-eabi/13.3.1/thumb/v7e-m+fp/hard/crti.o
 .ARM.attributes
                0x00000022       0x34 /Applications/STM32CubeIDE.app/Contents/Eclipse/plugins/com.st.stm32cube.ide.mcu.externaltools.gnu-tools-for-stm32.13.3.rel1.macos64_1.0.0.202411102158/tools/bin/../lib/gcc/arm-none-eabi/13.3.1/thumb/v7e-m+fp/hard/crtbegin.o
 .ARM.attributes
                0x00000056       0x34 build/main.o
 .ARM.attributes
                0x0000008a       0x34 build/stm32f4xx_it.o
 .ARM.attributes
                0x000000be       0x34 build/stm32f4xx_hal_msp.o
 .ARM.attributes
                0x000000f2       0x34 build/stm32f4xx_hal_rcc.o
 .ARM.attributes
                0x00000126       0x34 build/stm32f4xx_hal_rcc_ex.o
 .ARM.attributes
                0x0000015a       0x34 build/stm32f4xx_hal_tim.o
 .ARM.attributes
                0x0000018e       0x34 build/stm32f4xx_hal_tim_ex.o
 .ARM.attributes
                0x000001c2       0x34 build/stm32f4xx_hal_gpio.o
 .ARM.attributes
                0x000001f6       0x34 build/stm32f4xx_hal_cortex.o
 .ARM.attributes
                0x0000022a       0x34 build/stm32f4xx_hal.o
 .ARM.attributes
                0x0000025e       0x34 build/system_stm32f4xx.o
 .ARM.attributes
                0x00000292       0x21 build/startup_stm32f446xx.o
 .ARM.attributes
                0x000002b3       0x34 /Applications/STM32CubeIDE.app/Contents/Eclipse/plugins/com.st.stm32cube.ide.mcu.externaltools.gnu-tools-for-stm32.13.3.rel1.macos64_1.0.0.202411102158/tools/bin/../lib/gcc/arm-none-eabi/13.3.1/../../../../arm-none-eabi/lib/thumb/v7e-m+fp/hard/libc_nano.a(libc_a-memset.o)
 .ARM.attributes
                0x000002e7       0x34 /Applications/STM32CubeIDE.app/Contents/Eclipse/plugins/com.st.stm32cube.ide.mcu.externaltools.gnu-tools-for-stm32.13.3.rel1.macos64_1.0.0.202411102158/tools/bin/../lib/gcc/arm-none-eabi/13.3.1/../../../../arm-none-eabi/lib/thumb/v7e-m+fp/hard/libc_nano.a(libc_a-init.o)
 .ARM.attributes
                0x0000031b       0x22 /Applications/STM32CubeIDE.app/Contents/Eclipse/plugins/com.st.stm32cube.ide.mcu.externaltools.gnu-tools-for-stm32.13.3.rel1.macos64_1.0.0.202411102158/tools/bin/../lib/gcc/arm-none-eabi/13.3.1/thumb/v7e-m+fp/hard/libgcc.a(_arm_addsubdf3.o)
 .ARM.attributes
                0x0000033d       0x22 /Applications/STM32CubeIDE.app/Contents/Eclipse/plugins/com.st.stm32cube.ide.mcu.externaltools.gnu-tools-for-stm32.13.3.rel1.macos64_1.0.0.202411102158/tools/bin/../lib/gcc/arm-none-eabi/13.3.1/thumb/v7e-m+fp/hard/libgcc.a(_arm_muldivdf3.o)
 .ARM.attributes
                0x0000035f       0x22 /Applications/STM32CubeIDE.app/Contents/Eclipse/plugins/com.st.stm32cube.ide.mcu.externaltools.gnu-tools-for-stm32.13.3.rel1.macos64_1.0.0.202411102158/tools/bin/../lib/gcc/arm-none-eabi/13.3.1/thumb/v7e-m+fp/hard/libgcc.a(_aeabi_uldivmod.o)
 .ARM.attributes
                0x00000381       0x34 /Applications/STM32CubeIDE.app/Contents/Eclipse/plugins/com.st.stm32cube.ide.mcu.externaltools.gnu-tools-for-stm32.13.3.rel1.macos64_1.0.0.202411102158/tools/bin/../lib/gcc/arm-none-eabi/13.3.1/thumb/v7e-m+fp/hard/libgcc.a(_udivmoddi4.o)
 .ARM.attributes
                0x000003b5       0x22 /Applications/STM32CubeIDE.app/Contents/Eclipse/plugins/com.st.stm32cube.ide.mcu.externaltools.gnu-tools-for-stm32.13.3.rel1.macos64_1.0.0.202411102158/tools/bin/../lib/gcc/arm-none-eabi/13.3.1/thumb/v7e-m+fp/hard/libgcc.a(_dvmd_tls.o)
 .ARM.attributes
                0x000003d7       0x22 /Applications/STM32CubeIDE.app/Contents/Eclipse/plugins/com.st.stm32cube.ide.mcu.externaltools.gnu-tools-for-stm32.13.3.rel1.macos64_1.0.0.202411102158/tools/bin/../lib/gcc/arm-none-eabi/13.3.1/thumb/v7e-m+fp/hard/crtn.o

.comment        0x00000000       0x43
 .comment       0x00000000       0x43 build/main.o
                                 0x44 (size before relaxing)
 .comment       0x00000043       0x44 build/stm32f4xx_it.o
 .comment       0x00000043       0x44 build/stm32f4xx_hal_msp.o
 .comment       0x00000043       0x44 build/stm32f4xx_hal_rcc.o
 .comment       0x00000043       0x44 build/stm32f4xx_hal_rcc_ex.o
 .comment       0x00000043       0x44 build/stm32f4xx_hal_tim.o
 .comment       0x00000043       0x44 build/stm32f4xx_hal_tim_ex.o
 .comment       0x00000043       0x44 build/stm32f4xx_hal_gpio.o
 .comment       0x00000043       0x44 build/stm32f4xx_hal_cortex.o
 .comment       0x00000043       0x44 build/stm32f4xx_hal.o
 .comment       0x00000043       0x44 build/system_stm32f4xx.o

.debug_info     0x00000000     0xca98
 .debug_info    0x00000000     0x1995 build/main.o
 .debug_info    0x00001995      0x157 build/stm32f4xx_it.o
 .debug_info    0x00001aec      0x9eb build/stm32f4xx_hal_msp.o
 .debug_info    0x000024d7      0xc73 build/stm32f4xx_hal_rcc.o
 .debug_info    0x0000314a      0xddc build/stm32f4xx_hal_rcc_ex.o
 .debug_info    0x00003f26     0x41a0 build/stm32f4xx_hal_tim.o
 .debug_info    0x000080c6     0x1da5 build/stm32f4xx_hal_tim_ex.o
 .debug_info    0x00009e6b      0x8ac build/stm32f4xx_hal_gpio.o
 .debug_info    0x0000a717     0x11fe build/stm32f4xx_hal_cortex.o
 .debug_info    0x0000b915      0xb5c build/stm32f4xx_hal.o
 .debug_info    0x0000c471      0x5f7 build/system_stm32f4xx.o
 .debug_info    0x0000ca68       0x30 build/startup_stm32f446xx.o

.debug_abbrev   0x00000000     0x199d
 .debug_abbrev  0x00000000      0x358 build/main.o
 .debug_abbrev  0x00000358       0x80 build/stm32f4xx_it.o
 .debug_abbrev  0x000003d8      0x19c build/stm32f4xx_hal_msp.o
 .debug_abbrev  0x00000574      0x2de build/stm32f4xx_hal_rcc.o
 .debug_abbrev  0x00000852      0x266 build/stm32f4xx_hal_rcc_ex.o
 .debug_abbrev  0x00000ab8      0x2bd build/stm32f4xx_hal_tim.o
 .debug_abbrev  0x00000d75      0x2b7 build/stm32f4xx_hal_tim_ex.o
 .debug_abbrev  0x0000102c      0x22b build/stm32f4xx_hal_gpio.o
 .debug_abbrev  0x00001257      0x3ca build/stm32f4xx_hal_cortex.o
 .debug_abbrev  0x00001621      0x244 build/stm32f4xx_hal.o
 .debug_abbrev  0x00001865      0x11b build/system_stm32f4xx.o
 .debug_abbrev  0x00001980       0x1d build/startup_stm32f446xx.o

.debug_loc      0x00000000     0xb935
 .debug_loc     0x00000000      0xc3c build/main.o
 .debug_loc     0x00000c3c       0x20 build/stm32f4xx_it.o
 .debug_loc     0x00000c5c       0x58 build/stm32f4xx_hal_msp.o
 .debug_loc     0x00000cb4      0x720 build/stm32f4xx_hal_rcc.o
 .debug_loc     0x000013d4     0x101f build/stm32f4xx_hal_rcc_ex.o
 .debug_loc     0x000023f3     0x60b0 build/stm32f4xx_hal_tim.o
 .debug_loc     0x000084a3     0x22d2 build/stm32f4xx_hal_tim_ex.o
 .debug_loc     0x0000a775      0x60b build/stm32f4xx_hal_gpio.o
 .debug_loc     0x0000ad80      0x8ff build/stm32f4xx_hal_cortex.o
 .debug_loc     0x0000b67f      0x1f9 build/stm32f4xx_hal.o
 .debug_loc     0x0000b878       0xbd build/system_stm32f4xx.o

.debug_aranges  0x00000000      0x9b8
 .debug_aranges
                0x00000000       0x60 build/main.o
 .debug_aranges
                0x00000060       0x60 build/stm32f4xx_it.o
 .debug_aranges
                0x000000c0       0x30 build/stm32f4xx_hal_msp.o
 .debug_aranges
                0x000000f0       0x88 build/stm32f4xx_hal_rcc.o
 .debug_aranges
                0x00000178       0x78 build/stm32f4xx_hal_rcc_ex.o
 .debug_aranges
                0x000001f0      0x3d0 build/stm32f4xx_hal_tim.o
 .debug_aranges
                0x000005c0      0x168 build/stm32f4xx_hal_tim_ex.o
 .debug_aranges
                0x00000728       0x58 build/stm32f4xx_hal_gpio.o
 .debug_aranges
                0x00000780       0xf8 build/stm32f4xx_hal_cortex.o
 .debug_aranges
                0x00000878       0xf0 build/stm32f4xx_hal.o
 .debug_aranges
                0x00000968       0x28 build/system_stm32f4xx.o
 .debug_aranges
                0x00000990       0x28 build/startup_stm32f446xx.o

.debug_ranges   0x00000000      0xa08
 .debug_ranges  0x00000000      0x128 build/main.o
 .debug_ranges  0x00000128       0x50 build/stm32f4xx_it.o
 .debug_ranges  0x00000178       0x20 build/stm32f4xx_hal_msp.o
 .debug_ranges  0x00000198       0x90 build/stm32f4xx_hal_rcc.o
 .debug_ranges  0x00000228       0x80 build/stm32f4xx_hal_rcc_ex.o
 .debug_ranges  0x000002a8      0x3c0 build/stm32f4xx_hal_tim.o
 .debug_ranges  0x00000668      0x158 build/stm32f4xx_hal_tim_ex.o
 .debug_ranges  0x000007c0       0x48 build/stm32f4xx_hal_gpio.o
 .debug_ranges  0x00000808       0xe8 build/stm32f4xx_hal_cortex.o
 .debug_ranges  0x000008f0       0xe0 build/stm32f4xx_hal.o
 .debug_ranges  0x000009d0       0x18 build/system_stm32f4xx.o
 .debug_ranges  0x000009e8       0x20 build/startup_stm32f446xx.o

.debug_line     0x00000000     0xb116
 .debug_line    0x00000000      0x9cf build/main.o
 .debug_line    0x000009cf      0x13d build/stm32f4xx_it.o
 .debug_line    0x00000b0c      0x33b build/stm32f4xx_hal_msp.o
 .debug_line    0x00000e47      0xce8 build/stm32f4xx_hal_rcc.o
 .debug_line    0x00001b2f     0x1596 build/stm32f4xx_hal_rcc_ex.o
 .debug_line    0x000030c5     0x48b3 build/stm32f4xx_hal_tim.o
 .debug_line    0x00007978     0x1bdb build/stm32f4xx_hal_tim_ex.o
 .debug_line    0x00009553      0x805 build/stm32f4xx_hal_gpio.o
 .debug_line    0x00009d58      0x94e build/stm32f4xx_hal_cortex.o
 .debug_line    0x0000a6a6      0x68b build/stm32f4xx_hal.o
 .debug_line    0x0000ad31      0x372 build/system_stm32f4xx.o
 .debug_line    0x0000b0a3       0x73 build/startup_stm32f446xx.o

.debug_str      0x00000000     0x35fe
 .debug_str     0x00000000     0x35fe build/main.o
                                0xdb9 (size before relaxing)
 .debug_str     0x000035fe      0x260 build/stm32f4xx_it.o
 .debug_str     0x000035fe      0x868 build/stm32f4xx_hal_msp.o
 .debug_str     0x000035fe      0x761 build/stm32f4xx_hal_rcc.o
 .debug_str     0x000035fe      0x848 build/stm32f4xx_hal_rcc_ex.o
 .debug_str     0x000035fe     0x1730 build/stm32f4xx_hal_tim.o
 .debug_str     0x000035fe      0xf3c build/stm32f4xx_hal_tim_ex.o
 .debug_str     0x000035fe      0x536 build/stm32f4xx_hal_gpio.o
 .debug_str     0x000035fe      0xce7 build/stm32f4xx_hal_cortex.o
 .debug_str     0x000035fe      0xbfb build/stm32f4xx_hal.o
 .debug_str     0x000035fe      0x3cb build/system_stm32f4xx.o
 .debug_str     0x000035fe       0x77 build/startup_stm32f446xx.o

.debug_frame    0x00000000     0x1ae8
 .debug_frame   0x00000000      0x160 build/main.o
 .debug_frame   0x00000160       0xa8 build/stm32f4xx_it.o
 .debug_frame   0x00000208       0x50 build/stm32f4xx_hal_msp.o
 .debug_frame   0x00000258      0x16c build/stm32f4xx_hal_rcc.o
 .debug_frame   0x000003c4      0x14c build/stm32f4xx_hal_rcc_ex.o
 .debug_frame   0x00000510      0xb10 build/stm32f4xx_hal_tim.o
 .debug_frame   0x00001020      0x418 build/stm32f4xx_hal_tim_ex.o
 .debug_frame   0x00001438       0xd8 build/stm32f4xx_hal_gpio.o
 .debug_frame   0x00001510      0x214 build/stm32f4xx_hal_cortex.o
 .debug_frame   0x00001724      0x1ec build/stm32f4xx_hal.o
 .debug_frame   0x00001910       0x30 build/system_stm32f4xx.o
 .debug_frame   0x00001940       0x20 /Applications/STM32CubeIDE.app/Contents/Eclipse/plugins/com.st.stm32cube.ide.mcu.externaltools.gnu-tools-for-stm32.13.3.rel1.macos64_1.0.0.202411102158/tools/bin/../lib/gcc/arm-none-eabi/13.3.1/../../../../arm-none-eabi/lib/thumb/v7e-m+fp/hard/libc_nano.a(libc_a-memset.o)
 .debug_frame   0x00001960       0x2c /Applications/STM32CubeIDE.app/Contents/Eclipse/plugins/com.st.stm32cube.ide.mcu.externaltools.gnu-tools-for-stm32.13.3.rel1.macos64_1.0.0.202411102158/tools/bin/../lib/gcc/arm-none-eabi/13.3.1/../../../../arm-none-eabi/lib/thumb/v7e-m+fp/hard/libc_nano.a(libc_a-init.o)
 .debug_frame   0x0000198c       0xac /Applications/STM32CubeIDE.app/Contents/Eclipse/plugins/com.st.stm32cube.ide.mcu.externaltools.gnu-tools-for-stm32.13.3.rel1.macos64_1.0.0.202411102158/tools/bin/../lib/gcc/arm-none-eabi/13.3.1/thumb/v7e-m+fp/hard/libgcc.a(_arm_addsubdf3.o)
 .debug_frame   0x00001a38       0x50 /Applications/STM32CubeIDE.app/Contents/Eclipse/plugins/com.st.stm32cube.ide.mcu.externaltools.gnu-tools-for-stm32.13.3.rel1.macos64_1.0.0.202411102158/tools/bin/../lib/gcc/arm-none-eabi/13.3.1/thumb/v7e-m+fp/hard/libgcc.a(_arm_muldivdf3.o)
 .debug_frame   0x00001a88       0x2c /Applications/STM32CubeIDE.app/Contents/Eclipse/plugins/com.st.stm32cube.ide.mcu.externaltools.gnu-tools-for-stm32.13.3.rel1.macos64_1.0.0.202411102158/tools/bin/../lib/gcc/arm-none-eabi/13.3.1/thumb/v7e-m+fp/hard/libgcc.a(_aeabi_uldivmod.o)
 .debug_frame   0x00001ab4       0x34 /Applications/STM32CubeIDE.app/Contents/Eclipse/plugins/com.st.stm32cube.ide.mcu.externaltools.gnu-tools-for-stm32.13.3.rel1.macos64_1.0.0.202411102158/tools/bin/../lib/gcc/arm-none-eabi/13.3.1/thumb/v7e-m+fp/hard/libgcc.a(_udivmoddi4.o)

Cross Reference Table

Symbol                                            File
ADC_IRQHandler                                    build/startup_stm32f446xx.o
AHBPrescTable                                     build/system_stm32f4xx.o
                                                  build/stm32f4xx_hal_rcc.o
APBPrescTable                                     build/system_stm32f4xx.o
                                                  build/stm32f4xx_hal_rcc.o
BusFault_Handler                                  build/stm32f4xx_it.o
CAN1_RX0_IRQHandler                               build/startup_stm32f446xx.o
CAN1_RX1_IRQHandler                               build/startup_stm32f446xx.o
CAN1_SCE_IRQHandler                               build/startup_stm32f446xx.o
CAN1_TX_IRQHandler                                build/startup_stm32f446xx.o
CAN2_RX0_IRQHandler                               build/startup_stm32f446xx.o
CAN2_RX1_IRQHandler                               build/startup_stm32f446xx.o
CAN2_SCE_IRQHandler                               build/startup_stm32f446xx.o
CAN2_TX_IRQHandler                                build/startup_stm32f446xx.o
CEC_IRQHandler                                    build/startup_stm32f446xx.o
DCMI_IRQHandler                                   build/startup_stm32f446xx.o
DMA1_Stream0_IRQHandler                           build/startup_stm32f446xx.o
DMA1_Stream1_IRQHandler                           build/startup_stm32f446xx.o
DMA1_Stream2_IRQHandler                           build/startup_stm32f446xx.o
DMA1_Stream3_IRQHandler                           build/startup_stm32f446xx.o
DMA1_Stream4_IRQHandler                           build/startup_stm32f446xx.o
DMA1_Stream5_IRQHandler                           build/startup_stm32f446xx.o
DMA1_Stream6_IRQHandler                           build/startup_stm32f446xx.o
DMA1_Stream7_IRQHandler                           build/startup_stm32f446xx.o
DMA2_Stream0_IRQHandler                           build/startup_stm32f446xx.o
DMA2_Stream1_IRQHandler                           build/startup_stm32f446xx.o
DMA2_Stream2_IRQHandler                           build/startup_stm32f446xx.o
DMA2_Stream3_IRQHandler                           build/startup_stm32f446xx.o
DMA2_Stream4_IRQHandler                           build/startup_stm32f446xx.o
DMA2_Stream5_IRQHandler                           build/startup_stm32f446xx.o
DMA2_Stream6_IRQHandler                           build/startup_stm32f446xx.o
DMA2_Stream7_IRQHandler                           build/startup_stm32f446xx.o
DebugMon_Handler                                  build/stm32f4xx_it.o
Default_Handler                                   build/startup_stm32f446xx.o
EXTI0_IRQHandler                                  build/startup_stm32f446xx.o
EXTI15_10_IRQHandler                              build/startup_stm32f446xx.o
EXTI1_IRQHandler                                  build/startup_stm32f446xx.o
EXTI2_IRQHandler                                  build/startup_stm32f446xx.o
EXTI3_IRQHandler                                  build/startup_stm32f446xx.o
EXTI4_IRQHandler                                  build/startup_stm32f446xx.o
EXTI9_5_IRQHandler                                build/startup_stm32f446xx.o
Error_Handler                                     build/main.o
FLASH_Erase_Sector                                build/stm32f4xx_hal_flash_ex.o
                                                  build/stm32f4xx_hal_flash.o
FLASH_FlushCaches                                 build/stm32f4xx_hal_flash_ex.o
                                                  build/stm32f4xx_hal_flash.o
FLASH_IRQHandler                                  build/startup_stm32f446xx.o
FLASH_WaitForLastOperation                        build/stm32f4xx_hal_flash.o
                                                  build/stm32f4xx_hal_flash_ex.o
FMC_IRQHandler                                    build/startup_stm32f446xx.o
FMPI2C1_ER_IRQHandler                             build/startup_stm32f446xx.o
FMPI2C1_EV_IRQHandler                             build/startup_stm32f446xx.o
FPU_IRQHandler                                    build/startup_stm32f446xx.o
HAL_CORTEX_ClearEvent                             build/stm32f4xx_hal_cortex.o
HAL_DBGMCU_DisableDBGSleepMode                    build/stm32f4xx_hal.o
HAL_DBGMCU_DisableDBGStandbyMode                  build/stm32f4xx_hal.o
HAL_DBGMCU_DisableDBGStopMode                     build/stm32f4xx_hal.o
HAL_DBGMCU_EnableDBGSleepMode                     build/stm32f4xx_hal.o
HAL_DBGMCU_EnableDBGStandbyMode                   build/stm32f4xx_hal.o
HAL_DBGMCU_EnableDBGStopMode                      build/stm32f4xx_hal.o
HAL_DMAEx_ChangeMemory                            build/stm32f4xx_hal_dma_ex.o
HAL_DMAEx_MultiBufferStart                        build/stm32f4xx_hal_dma_ex.o
HAL_DMAEx_MultiBufferStart_IT                     build/stm32f4xx_hal_dma_ex.o
HAL_DMA_Abort                                     build/stm32f4xx_hal_dma.o
HAL_DMA_Abort_IT                                  build/stm32f4xx_hal_dma.o
                                                  build/stm32f4xx_hal_tim_ex.o
                                                  build/stm32f4xx_hal_tim.o
HAL_DMA_DeInit                                    build/stm32f4xx_hal_dma.o
HAL_DMA_GetError                                  build/stm32f4xx_hal_dma.o
HAL_DMA_GetState                                  build/stm32f4xx_hal_dma.o
HAL_DMA_IRQHandler                                build/stm32f4xx_hal_dma.o
HAL_DMA_Init                                      build/stm32f4xx_hal_dma.o
HAL_DMA_PollForTransfer                           build/stm32f4xx_hal_dma.o
HAL_DMA_RegisterCallback                          build/stm32f4xx_hal_dma.o
HAL_DMA_Start                                     build/stm32f4xx_hal_dma.o
HAL_DMA_Start_IT                                  build/stm32f4xx_hal_dma.o
                                                  build/stm32f4xx_hal_tim_ex.o
                                                  build/stm32f4xx_hal_tim.o
HAL_DMA_UnRegisterCallback                        build/stm32f4xx_hal_dma.o
HAL_DeInit                                        build/stm32f4xx_hal.o
HAL_Delay                                         build/stm32f4xx_hal.o
                                                  build/main.o
HAL_DisableCompensationCell                       build/stm32f4xx_hal.o
HAL_EXTI_ClearConfigLine                          build/stm32f4xx_hal_exti.o
HAL_EXTI_ClearPending                             build/stm32f4xx_hal_exti.o
HAL_EXTI_GenerateSWI                              build/stm32f4xx_hal_exti.o
HAL_EXTI_GetConfigLine                            build/stm32f4xx_hal_exti.o
HAL_EXTI_GetHandle                                build/stm32f4xx_hal_exti.o
HAL_EXTI_GetPending                               build/stm32f4xx_hal_exti.o
HAL_EXTI_IRQHandler                               build/stm32f4xx_hal_exti.o
HAL_EXTI_RegisterCallback                         build/stm32f4xx_hal_exti.o
HAL_EXTI_SetConfigLine                            build/stm32f4xx_hal_exti.o
HAL_EnableCompensationCell                        build/stm32f4xx_hal.o
HAL_FLASHEx_AdvOBGetConfig                        build/stm32f4xx_hal_flash_ex.o
HAL_FLASHEx_AdvOBProgram                          build/stm32f4xx_hal_flash_ex.o
HAL_FLASHEx_DisableFlashSleepMode                 build/stm32f4xx_hal_flash_ramfunc.o
HAL_FLASHEx_EnableFlashSleepMode                  build/stm32f4xx_hal_flash_ramfunc.o
HAL_FLASHEx_Erase                                 build/stm32f4xx_hal_flash_ex.o
HAL_FLASHEx_Erase_IT                              build/stm32f4xx_hal_flash_ex.o
HAL_FLASHEx_OBGetConfig                           build/stm32f4xx_hal_flash_ex.o
HAL_FLASHEx_OBProgram                             build/stm32f4xx_hal_flash_ex.o
HAL_FLASHEx_OB_DeSelectPCROP                      build/stm32f4xx_hal_flash_ex.o
HAL_FLASHEx_OB_SelectPCROP                        build/stm32f4xx_hal_flash_ex.o
HAL_FLASHEx_StartFlashInterfaceClk                build/stm32f4xx_hal_flash_ramfunc.o
HAL_FLASHEx_StopFlashInterfaceClk                 build/stm32f4xx_hal_flash_ramfunc.o
HAL_FLASH_EndOfOperationCallback                  build/stm32f4xx_hal_flash.o
HAL_FLASH_GetError                                build/stm32f4xx_hal_flash.o
HAL_FLASH_IRQHandler                              build/stm32f4xx_hal_flash.o
HAL_FLASH_Lock                                    build/stm32f4xx_hal_flash.o
HAL_FLASH_OB_Launch                               build/stm32f4xx_hal_flash.o
HAL_FLASH_OB_Lock                                 build/stm32f4xx_hal_flash.o
HAL_FLASH_OB_Unlock                               build/stm32f4xx_hal_flash.o
HAL_FLASH_OperationErrorCallback                  build/stm32f4xx_hal_flash.o
HAL_FLASH_Program                                 build/stm32f4xx_hal_flash.o
HAL_FLASH_Program_IT                              build/stm32f4xx_hal_flash.o
HAL_FLASH_Unlock                                  build/stm32f4xx_hal_flash.o
HAL_GPIO_DeInit                                   build/stm32f4xx_hal_gpio.o
HAL_GPIO_EXTI_Callback                            build/stm32f4xx_hal_gpio.o
HAL_GPIO_EXTI_IRQHandler                          build/stm32f4xx_hal_gpio.o
HAL_GPIO_Init                                     build/stm32f4xx_hal_gpio.o
                                                  build/stm32f4xx_hal_rcc.o
                                                  build/main.o
HAL_GPIO_LockPin                                  build/stm32f4xx_hal_gpio.o
HAL_GPIO_ReadPin                                  build/stm32f4xx_hal_gpio.o
HAL_GPIO_TogglePin                                build/stm32f4xx_hal_gpio.o
HAL_GPIO_WritePin                                 build/stm32f4xx_hal_gpio.o
                                                  build/main.o
HAL_GetDEVID                                      build/stm32f4xx_hal.o
HAL_GetHalVersion                                 build/stm32f4xx_hal.o
HAL_GetREVID                                      build/stm32f4xx_hal.o
HAL_GetTick                                       build/stm32f4xx_hal.o
                                                  build/stm32f4xx_hal_pwr_ex.o
                                                  build/stm32f4xx_hal_dma.o
                                                  build/stm32f4xx_hal_flash.o
                                                  build/stm32f4xx_hal_rcc_ex.o
                                                  build/stm32f4xx_hal_rcc.o
                                                  build/main.o
HAL_GetTickFreq                                   build/stm32f4xx_hal.o
HAL_GetTickPrio                                   build/stm32f4xx_hal.o
HAL_GetUIDw0                                      build/stm32f4xx_hal.o
HAL_GetUIDw1                                      build/stm32f4xx_hal.o
HAL_GetUIDw2                                      build/stm32f4xx_hal.o
HAL_IncTick                                       build/stm32f4xx_hal.o
                                                  build/stm32f4xx_it.o
HAL_Init                                          build/stm32f4xx_hal.o
                                                  build/main.o
HAL_InitTick                                      build/stm32f4xx_hal.o
                                                  build/stm32f4xx_hal_rcc_ex.o
                                                  build/stm32f4xx_hal_rcc.o
HAL_MPU_ConfigRegion                              build/stm32f4xx_hal_cortex.o
HAL_MPU_Disable                                   build/stm32f4xx_hal_cortex.o
HAL_MPU_DisableRegion                             build/stm32f4xx_hal_cortex.o
HAL_MPU_Enable                                    build/stm32f4xx_hal_cortex.o
HAL_MPU_EnableRegion                              build/stm32f4xx_hal_cortex.o
HAL_MspDeInit                                     build/stm32f4xx_hal.o
HAL_MspInit                                       build/stm32f4xx_hal_msp.o
HAL_NVIC_ClearPendingIRQ                          build/stm32f4xx_hal_cortex.o
HAL_NVIC_DisableIRQ                               build/stm32f4xx_hal_cortex.o
HAL_NVIC_EnableIRQ                                build/stm32f4xx_hal_cortex.o
HAL_NVIC_GetActive                                build/stm32f4xx_hal_cortex.o
HAL_NVIC_GetPendingIRQ                            build/stm32f4xx_hal_cortex.o
HAL_NVIC_GetPriority                              build/stm32f4xx_hal_cortex.o
HAL_NVIC_GetPriorityGrouping                      build/stm32f4xx_hal_cortex.o
HAL_NVIC_SetPendingIRQ                            build/stm32f4xx_hal_cortex.o
HAL_NVIC_SetPriority                              build/stm32f4xx_hal_cortex.o
                                                  build/stm32f4xx_hal.o
HAL_NVIC_SetPriorityGrouping                      build/stm32f4xx_hal_cortex.o
                                                  build/stm32f4xx_hal.o
HAL_NVIC_SystemReset                              build/stm32f4xx_hal_cortex.o
HAL_PWREx_ControlVoltageScaling                   build/stm32f4xx_hal_pwr_ex.o
HAL_PWREx_DisableBkUpReg                          build/stm32f4xx_hal_pwr_ex.o
HAL_PWREx_DisableFlashPowerDown                   build/stm32f4xx_hal_pwr_ex.o
HAL_PWREx_DisableOverDrive                        build/stm32f4xx_hal_pwr_ex.o
HAL_PWREx_EnableBkUpReg                           build/stm32f4xx_hal_pwr_ex.o
HAL_PWREx_EnableFlashPowerDown                    build/stm32f4xx_hal_pwr_ex.o
HAL_PWREx_EnableOverDrive                         build/stm32f4xx_hal_pwr_ex.o
HAL_PWREx_EnterUnderDriveSTOPMode                 build/stm32f4xx_hal_pwr_ex.o
HAL_PWREx_GetVoltageRange                         build/stm32f4xx_hal_pwr_ex.o
HAL_PWR_ConfigPVD                                 build/stm32f4xx_hal_pwr.o
HAL_PWR_DeInit                                    build/stm32f4xx_hal_pwr.o
HAL_PWR_DisableBkUpAccess                         build/stm32f4xx_hal_pwr.o
HAL_PWR_DisablePVD                                build/stm32f4xx_hal_pwr.o
HAL_PWR_DisableSEVOnPend                          build/stm32f4xx_hal_pwr.o
HAL_PWR_DisableSleepOnExit                        build/stm32f4xx_hal_pwr.o
HAL_PWR_DisableWakeUpPin                          build/stm32f4xx_hal_pwr.o
HAL_PWR_EnableBkUpAccess                          build/stm32f4xx_hal_pwr.o
HAL_PWR_EnablePVD                                 build/stm32f4xx_hal_pwr.o
HAL_PWR_EnableSEVOnPend                           build/stm32f4xx_hal_pwr.o
HAL_PWR_EnableSleepOnExit                         build/stm32f4xx_hal_pwr.o
HAL_PWR_EnableWakeUpPin                           build/stm32f4xx_hal_pwr.o
HAL_PWR_EnterSLEEPMode                            build/stm32f4xx_hal_pwr.o
HAL_PWR_EnterSTANDBYMode                          build/stm32f4xx_hal_pwr.o
HAL_PWR_EnterSTOPMode                             build/stm32f4xx_hal_pwr.o
HAL_PWR_PVDCallback                               build/stm32f4xx_hal_pwr.o
HAL_PWR_PVD_IRQHandler                            build/stm32f4xx_hal_pwr.o
HAL_RCCEx_DisablePLLI2S                           build/stm32f4xx_hal_rcc_ex.o
HAL_RCCEx_DisablePLLSAI                           build/stm32f4xx_hal_rcc_ex.o
HAL_RCCEx_EnablePLLI2S                            build/stm32f4xx_hal_rcc_ex.o
HAL_RCCEx_EnablePLLSAI                            build/stm32f4xx_hal_rcc_ex.o
HAL_RCCEx_GetPeriphCLKConfig                      build/stm32f4xx_hal_rcc_ex.o
HAL_RCCEx_GetPeriphCLKFreq                        build/stm32f4xx_hal_rcc_ex.o
HAL_RCCEx_PeriphCLKConfig                         build/stm32f4xx_hal_rcc_ex.o
HAL_RCCEx_SelectLSEMode                           build/stm32f4xx_hal_rcc_ex.o
HAL_RCC_CSSCallback                               build/stm32f4xx_hal_rcc.o
HAL_RCC_ClockConfig                               build/stm32f4xx_hal_rcc.o
                                                  build/main.o
HAL_RCC_DeInit                                    build/stm32f4xx_hal_rcc_ex.o
                                                  build/stm32f4xx_hal_rcc.o
HAL_RCC_DisableCSS                                build/stm32f4xx_hal_rcc.o
HAL_RCC_EnableCSS                                 build/stm32f4xx_hal_rcc.o
HAL_RCC_GetClockConfig                            build/stm32f4xx_hal_rcc.o
HAL_RCC_GetHCLKFreq                               build/stm32f4xx_hal_rcc.o
HAL_RCC_GetOscConfig                              build/stm32f4xx_hal_rcc_ex.o
                                                  build/stm32f4xx_hal_rcc.o
HAL_RCC_GetPCLK1Freq                              build/stm32f4xx_hal_rcc.o
HAL_RCC_GetPCLK2Freq                              build/stm32f4xx_hal_rcc.o
HAL_RCC_GetSysClockFreq                           build/stm32f4xx_hal_rcc_ex.o
                                                  build/stm32f4xx_hal_rcc.o
HAL_RCC_MCOConfig                                 build/stm32f4xx_hal_rcc.o
HAL_RCC_NMI_IRQHandler                            build/stm32f4xx_hal_rcc.o
HAL_RCC_OscConfig                                 build/stm32f4xx_hal_rcc_ex.o
                                                  build/stm32f4xx_hal_rcc.o
                                                  build/main.o
HAL_ResumeTick                                    build/stm32f4xx_hal.o
HAL_SYSTICK_CLKSourceConfig                       build/stm32f4xx_hal_cortex.o
HAL_SYSTICK_Callback                              build/stm32f4xx_hal_cortex.o
HAL_SYSTICK_Config                                build/stm32f4xx_hal_cortex.o
                                                  build/stm32f4xx_hal.o
HAL_SYSTICK_IRQHandler                            build/stm32f4xx_hal_cortex.o
HAL_SetTickFreq                                   build/stm32f4xx_hal.o
HAL_SuspendTick                                   build/stm32f4xx_hal.o
HAL_TIMEx_BreakCallback                           build/stm32f4xx_hal_tim_ex.o
                                                  build/stm32f4xx_hal_tim.o
HAL_TIMEx_CommutCallback                          build/stm32f4xx_hal_tim_ex.o
                                                  build/stm32f4xx_hal_tim.o
HAL_TIMEx_CommutHalfCpltCallback                  build/stm32f4xx_hal_tim_ex.o
HAL_TIMEx_ConfigBreakDeadTime                     build/stm32f4xx_hal_tim_ex.o
HAL_TIMEx_ConfigCommutEvent                       build/stm32f4xx_hal_tim_ex.o
HAL_TIMEx_ConfigCommutEvent_DMA                   build/stm32f4xx_hal_tim_ex.o
HAL_TIMEx_ConfigCommutEvent_IT                    build/stm32f4xx_hal_tim_ex.o
HAL_TIMEx_GetChannelNState                        build/stm32f4xx_hal_tim_ex.o
HAL_TIMEx_HallSensor_DeInit                       build/stm32f4xx_hal_tim_ex.o
HAL_TIMEx_HallSensor_GetState                     build/stm32f4xx_hal_tim_ex.o
HAL_TIMEx_HallSensor_Init                         build/stm32f4xx_hal_tim_ex.o
HAL_TIMEx_HallSensor_MspDeInit                    build/stm32f4xx_hal_tim_ex.o
HAL_TIMEx_HallSensor_MspInit                      build/stm32f4xx_hal_tim_ex.o
HAL_TIMEx_HallSensor_Start                        build/stm32f4xx_hal_tim_ex.o
HAL_TIMEx_HallSensor_Start_DMA                    build/stm32f4xx_hal_tim_ex.o
HAL_TIMEx_HallSensor_Start_IT                     build/stm32f4xx_hal_tim_ex.o
HAL_TIMEx_HallSensor_Stop                         build/stm32f4xx_hal_tim_ex.o
HAL_TIMEx_HallSensor_Stop_DMA                     build/stm32f4xx_hal_tim_ex.o
HAL_TIMEx_HallSensor_Stop_IT                      build/stm32f4xx_hal_tim_ex.o
HAL_TIMEx_MasterConfigSynchronization             build/stm32f4xx_hal_tim_ex.o
                                                  build/main.o
HAL_TIMEx_OCN_Start                               build/stm32f4xx_hal_tim_ex.o
HAL_TIMEx_OCN_Start_DMA                           build/stm32f4xx_hal_tim_ex.o
HAL_TIMEx_OCN_Start_IT                            build/stm32f4xx_hal_tim_ex.o
HAL_TIMEx_OCN_Stop                                build/stm32f4xx_hal_tim_ex.o
HAL_TIMEx_OCN_Stop_DMA                            build/stm32f4xx_hal_tim_ex.o
HAL_TIMEx_OCN_Stop_IT                             build/stm32f4xx_hal_tim_ex.o
HAL_TIMEx_OnePulseN_Start                         build/stm32f4xx_hal_tim_ex.o
HAL_TIMEx_OnePulseN_Start_IT                      build/stm32f4xx_hal_tim_ex.o
HAL_TIMEx_OnePulseN_Stop                          build/stm32f4xx_hal_tim_ex.o
HAL_TIMEx_OnePulseN_Stop_IT                       build/stm32f4xx_hal_tim_ex.o
HAL_TIMEx_PWMN_Start                              build/stm32f4xx_hal_tim_ex.o
HAL_TIMEx_PWMN_Start_DMA                          build/stm32f4xx_hal_tim_ex.o
HAL_TIMEx_PWMN_Start_IT                           build/stm32f4xx_hal_tim_ex.o
HAL_TIMEx_PWMN_Stop                               build/stm32f4xx_hal_tim_ex.o
HAL_TIMEx_PWMN_Stop_DMA                           build/stm32f4xx_hal_tim_ex.o
HAL_TIMEx_PWMN_Stop_IT                            build/stm32f4xx_hal_tim_ex.o
HAL_TIMEx_RemapConfig                             build/stm32f4xx_hal_tim_ex.o
HAL_TIM_Base_DeInit                               build/stm32f4xx_hal_tim.o
HAL_TIM_Base_GetState                             build/stm32f4xx_hal_tim.o
HAL_TIM_Base_Init                                 build/stm32f4xx_hal_tim.o
                                                  build/main.o
HAL_TIM_Base_MspDeInit                            build/stm32f4xx_hal_msp.o
HAL_TIM_Base_MspInit                              build/stm32f4xx_hal_msp.o
HAL_TIM_Base_Start                                build/stm32f4xx_hal_tim.o
                                                  build/main.o
HAL_TIM_Base_Start_DMA                            build/stm32f4xx_hal_tim.o
HAL_TIM_Base_Start_IT                             build/stm32f4xx_hal_tim.o
HAL_TIM_Base_Stop                                 build/stm32f4xx_hal_tim.o
HAL_TIM_Base_Stop_DMA                             build/stm32f4xx_hal_tim.o
HAL_TIM_Base_Stop_IT                              build/stm32f4xx_hal_tim.o
HAL_TIM_ConfigClockSource                         build/stm32f4xx_hal_tim.o
                                                  build/main.o
HAL_TIM_ConfigOCrefClear                          build/stm32f4xx_hal_tim.o
HAL_TIM_ConfigTI1Input                            build/stm32f4xx_hal_tim.o
HAL_TIM_DMABurstState                             build/stm32f4xx_hal_tim.o
HAL_TIM_DMABurst_MultiReadStart                   build/stm32f4xx_hal_tim.o
HAL_TIM_DMABurst_MultiWriteStart                  build/stm32f4xx_hal_tim.o
HAL_TIM_DMABurst_ReadStart                        build/stm32f4xx_hal_tim.o
HAL_TIM_DMABurst_ReadStop                         build/stm32f4xx_hal_tim.o
HAL_TIM_DMABurst_WriteStart                       build/stm32f4xx_hal_tim.o
HAL_TIM_DMABurst_WriteStop                        build/stm32f4xx_hal_tim.o
HAL_TIM_Encoder_DeInit                            build/stm32f4xx_hal_tim.o
HAL_TIM_Encoder_GetState                          build/stm32f4xx_hal_tim.o
HAL_TIM_Encoder_Init                              build/stm32f4xx_hal_tim.o
HAL_TIM_Encoder_MspDeInit                         build/stm32f4xx_hal_tim.o
HAL_TIM_Encoder_MspInit                           build/stm32f4xx_hal_tim.o
HAL_TIM_Encoder_Start                             build/stm32f4xx_hal_tim.o
HAL_TIM_Encoder_Start_DMA                         build/stm32f4xx_hal_tim.o
HAL_TIM_Encoder_Start_IT                          build/stm32f4xx_hal_tim.o
HAL_TIM_Encoder_Stop                              build/stm32f4xx_hal_tim.o
HAL_TIM_Encoder_Stop_DMA                          build/stm32f4xx_hal_tim.o
HAL_TIM_Encoder_Stop_IT                           build/stm32f4xx_hal_tim.o
HAL_TIM_ErrorCallback                             build/stm32f4xx_hal_tim.o
                                                  build/stm32f4xx_hal_tim_ex.o
HAL_TIM_GenerateEvent                             build/stm32f4xx_hal_tim.o
HAL_TIM_GetActiveChannel                          build/stm32f4xx_hal_tim.o
HAL_TIM_GetChannelState                           build/stm32f4xx_hal_tim.o
HAL_TIM_IC_CaptureCallback                        build/stm32f4xx_hal_tim.o
HAL_TIM_IC_CaptureHalfCpltCallback                build/stm32f4xx_hal_tim.o
HAL_TIM_IC_ConfigChannel                          build/stm32f4xx_hal_tim.o
HAL_TIM_IC_DeInit                                 build/stm32f4xx_hal_tim.o
HAL_TIM_IC_GetState                               build/stm32f4xx_hal_tim.o
HAL_TIM_IC_Init                                   build/stm32f4xx_hal_tim.o
HAL_TIM_IC_MspDeInit                              build/stm32f4xx_hal_tim.o
HAL_TIM_IC_MspInit                                build/stm32f4xx_hal_tim.o
HAL_TIM_IC_Start                                  build/stm32f4xx_hal_tim.o
HAL_TIM_IC_Start_DMA                              build/stm32f4xx_hal_tim.o
HAL_TIM_IC_Start_IT                               build/stm32f4xx_hal_tim.o
HAL_TIM_IC_Stop                                   build/stm32f4xx_hal_tim.o
HAL_TIM_IC_Stop_DMA                               build/stm32f4xx_hal_tim.o
HAL_TIM_IC_Stop_IT                                build/stm32f4xx_hal_tim.o
HAL_TIM_IRQHandler                                build/stm32f4xx_hal_tim.o
HAL_TIM_OC_ConfigChannel                          build/stm32f4xx_hal_tim.o
HAL_TIM_OC_DeInit                                 build/stm32f4xx_hal_tim.o
HAL_TIM_OC_DelayElapsedCallback                   build/stm32f4xx_hal_tim.o
HAL_TIM_OC_GetState                               build/stm32f4xx_hal_tim.o
HAL_TIM_OC_Init                                   build/stm32f4xx_hal_tim.o
HAL_TIM_OC_MspDeInit                              build/stm32f4xx_hal_tim.o
HAL_TIM_OC_MspInit                                build/stm32f4xx_hal_tim.o
HAL_TIM_OC_Start                                  build/stm32f4xx_hal_tim.o
HAL_TIM_OC_Start_DMA                              build/stm32f4xx_hal_tim.o
HAL_TIM_OC_Start_IT                               build/stm32f4xx_hal_tim.o
HAL_TIM_OC_Stop                                   build/stm32f4xx_hal_tim.o
HAL_TIM_OC_Stop_DMA                               build/stm32f4xx_hal_tim.o
HAL_TIM_OC_Stop_IT                                build/stm32f4xx_hal_tim.o
HAL_TIM_OnePulse_ConfigChannel                    build/stm32f4xx_hal_tim.o
HAL_TIM_OnePulse_DeInit                           build/stm32f4xx_hal_tim.o
HAL_TIM_OnePulse_GetState                         build/stm32f4xx_hal_tim.o
HAL_TIM_OnePulse_Init                             build/stm32f4xx_hal_tim.o
HAL_TIM_OnePulse_MspDeInit                        build/stm32f4xx_hal_tim.o
HAL_TIM_OnePulse_MspInit                          build/stm32f4xx_hal_tim.o
HAL_TIM_OnePulse_Start                            build/stm32f4xx_hal_tim.o
HAL_TIM_OnePulse_Start_IT                         build/stm32f4xx_hal_tim.o
HAL_TIM_OnePulse_Stop                             build/stm32f4xx_hal_tim.o
HAL_TIM_OnePulse_Stop_IT                          build/stm32f4xx_hal_tim.o
HAL_TIM_PWM_ConfigChannel                         build/stm32f4xx_hal_tim.o
HAL_TIM_PWM_DeInit                                build/stm32f4xx_hal_tim.o
HAL_TIM_PWM_GetState                              build/stm32f4xx_hal_tim.o
HAL_TIM_PWM_Init                                  build/stm32f4xx_hal_tim.o
HAL_TIM_PWM_MspDeInit                             build/stm32f4xx_hal_tim.o
HAL_TIM_PWM_MspInit                               build/stm32f4xx_hal_tim.o
HAL_TIM_PWM_PulseFinishedCallback                 build/stm32f4xx_hal_tim.o
                                                  build/stm32f4xx_hal_tim_ex.o
HAL_TIM_PWM_PulseFinishedHalfCpltCallback         build/stm32f4xx_hal_tim.o
HAL_TIM_PWM_Start                                 build/stm32f4xx_hal_tim.o
HAL_TIM_PWM_Start_DMA                             build/stm32f4xx_hal_tim.o
HAL_TIM_PWM_Start_IT                              build/stm32f4xx_hal_tim.o
HAL_TIM_PWM_Stop                                  build/stm32f4xx_hal_tim.o
HAL_TIM_PWM_Stop_DMA                              build/stm32f4xx_hal_tim.o
HAL_TIM_PWM_Stop_IT                               build/stm32f4xx_hal_tim.o
HAL_TIM_PeriodElapsedCallback                     build/stm32f4xx_hal_tim.o
HAL_TIM_PeriodElapsedHalfCpltCallback             build/stm32f4xx_hal_tim.o
HAL_TIM_ReadCapturedValue                         build/stm32f4xx_hal_tim.o
HAL_TIM_SlaveConfigSynchro                        build/stm32f4xx_hal_tim.o
HAL_TIM_SlaveConfigSynchro_IT                     build/stm32f4xx_hal_tim.o
HAL_TIM_TriggerCallback                           build/stm32f4xx_hal_tim.o
HAL_TIM_TriggerHalfCpltCallback                   build/stm32f4xx_hal_tim.o
HardFault_Handler                                 build/stm32f4xx_it.o
I2C1_ER_IRQHandler                                build/startup_stm32f446xx.o
I2C1_EV_IRQHandler                                build/startup_stm32f446xx.o
I2C2_ER_IRQHandler                                build/startup_stm32f446xx.o
I2C2_EV_IRQHandler                                build/startup_stm32f446xx.o
I2C3_ER_IRQHandler                                build/startup_stm32f446xx.o
I2C3_EV_IRQHandler                                build/startup_stm32f446xx.o
MemManage_Handler                                 build/stm32f4xx_it.o
NMI_Handler                                       build/stm32f4xx_it.o
OTG_FS_IRQHandler                                 build/startup_stm32f446xx.o
OTG_FS_WKUP_IRQHandler                            build/startup_stm32f446xx.o
OTG_HS_EP1_IN_IRQHandler                          build/startup_stm32f446xx.o
OTG_HS_EP1_OUT_IRQHandler                         build/startup_stm32f446xx.o
OTG_HS_IRQHandler                                 build/startup_stm32f446xx.o
OTG_HS_WKUP_IRQHandler                            build/startup_stm32f446xx.o
PVD_IRQHandler                                    build/startup_stm32f446xx.o
PendSV_Handler                                    build/stm32f4xx_it.o
QUADSPI_IRQHandler                                build/startup_stm32f446xx.o
RCC_IRQHandler                                    build/startup_stm32f446xx.o
RTC_Alarm_IRQHandler                              build/startup_stm32f446xx.o
RTC_WKUP_IRQHandler                               build/startup_stm32f446xx.o
Reset_Handler                                     build/startup_stm32f446xx.o
SAI1_IRQHandler                                   build/startup_stm32f446xx.o
SAI2_IRQHandler                                   build/startup_stm32f446xx.o
SDIO_IRQHandler                                   build/startup_stm32f446xx.o
SPDIF_RX_IRQHandler                               build/startup_stm32f446xx.o
SPI1_IRQHandler                                   build/startup_stm32f446xx.o
SPI2_IRQHandler                                   build/startup_stm32f446xx.o
SPI3_IRQHandler                                   build/startup_stm32f446xx.o
SPI4_IRQHandler                                   build/startup_stm32f446xx.o
SVC_Handler                                       build/stm32f4xx_it.o
SysTick_Handler                                   build/stm32f4xx_it.o
SystemClock_Config                                build/main.o
SystemCoreClock                                   build/system_stm32f4xx.o
                                                  build/stm32f4xx_hal.o
                                                  build/stm32f4xx_hal_dma.o
                                                  build/stm32f4xx_hal_rcc_ex.o
                                                  build/stm32f4xx_hal_rcc.o
SystemCoreClockUpdate                             build/system_stm32f4xx.o
SystemInit                                        build/system_stm32f4xx.o
                                                  build/startup_stm32f446xx.o
TAMP_STAMP_IRQHandler                             build/startup_stm32f446xx.o
TIM1_BRK_TIM9_IRQHandler                          build/startup_stm32f446xx.o
TIM1_CC_IRQHandler                                build/startup_stm32f446xx.o
TIM1_TRG_COM_TIM11_IRQHandler                     build/startup_stm32f446xx.o
TIM1_UP_TIM10_IRQHandler                          build/startup_stm32f446xx.o
TIM2_IRQHandler                                   build/startup_stm32f446xx.o
TIM3_IRQHandler                                   build/startup_stm32f446xx.o
TIM4_IRQHandler                                   build/startup_stm32f446xx.o
TIM5_IRQHandler                                   build/startup_stm32f446xx.o
TIM6_DAC_IRQHandler                               build/startup_stm32f446xx.o
TIM7_IRQHandler                                   build/startup_stm32f446xx.o
TIM8_BRK_TIM12_IRQHandler                         build/startup_stm32f446xx.o
TIM8_CC_IRQHandler                                build/startup_stm32f446xx.o
TIM8_TRG_COM_TIM14_IRQHandler                     build/startup_stm32f446xx.o
TIM8_UP_TIM13_IRQHandler                          build/startup_stm32f446xx.o
TIMEx_DMACommutationCplt                          build/stm32f4xx_hal_tim_ex.o
                                                  build/stm32f4xx_hal_tim.o
TIMEx_DMACommutationHalfCplt                      build/stm32f4xx_hal_tim_ex.o
                                                  build/stm32f4xx_hal_tim.o
TIM_Base_SetConfig                                build/stm32f4xx_hal_tim.o
                                                  build/stm32f4xx_hal_tim_ex.o
TIM_CCxChannelCmd                                 build/stm32f4xx_hal_tim.o
                                                  build/stm32f4xx_hal_tim_ex.o
TIM_DMACaptureCplt                                build/stm32f4xx_hal_tim.o
                                                  build/stm32f4xx_hal_tim_ex.o
TIM_DMACaptureHalfCplt                            build/stm32f4xx_hal_tim.o
                                                  build/stm32f4xx_hal_tim_ex.o
TIM_DMADelayPulseHalfCplt                         build/stm32f4xx_hal_tim.o
                                                  build/stm32f4xx_hal_tim_ex.o
TIM_DMAError                                      build/stm32f4xx_hal_tim.o
                                                  build/stm32f4xx_hal_tim_ex.o
TIM_ETR_SetConfig                                 build/stm32f4xx_hal_tim.o
TIM_OC2_SetConfig                                 build/stm32f4xx_hal_tim.o
                                                  build/stm32f4xx_hal_tim_ex.o
TIM_TI1_SetConfig                                 build/stm32f4xx_hal_tim.o
                                                  build/stm32f4xx_hal_tim_ex.o
UART4_IRQHandler                                  build/startup_stm32f446xx.o
UART5_IRQHandler                                  build/startup_stm32f446xx.o
USART1_IRQHandler                                 build/startup_stm32f446xx.o
USART2_IRQHandler                                 build/startup_stm32f446xx.o
USART3_IRQHandler                                 build/startup_stm32f446xx.o
USART6_IRQHandler                                 build/startup_stm32f446xx.o
UsageFault_Handler                                build/stm32f4xx_it.o
WWDG_IRQHandler                                   build/startup_stm32f446xx.o
_Min_Stack_Size                                   build/sysmem.o
__adddf3                                          /Applications/STM32CubeIDE.app/Contents/Eclipse/plugins/com.st.stm32cube.ide.mcu.externaltools.gnu-tools-for-stm32.13.3.rel1.macos64_1.0.0.202411102158/tools/bin/../lib/gcc/arm-none-eabi/13.3.1/thumb/v7e-m+fp/hard/libgcc.a(_arm_addsubdf3.o)
__aeabi_cdcmpeq                                   /Applications/STM32CubeIDE.app/Contents/Eclipse/plugins/com.st.stm32cube.ide.mcu.externaltools.gnu-tools-for-stm32.13.3.rel1.macos64_1.0.0.202411102158/tools/bin/../lib/gcc/arm-none-eabi/13.3.1/thumb/v7e-m+fp/hard/libgcc.a(_arm_cmpdf2.o)
__aeabi_cdcmple                                   /Applications/STM32CubeIDE.app/Contents/Eclipse/plugins/com.st.stm32cube.ide.mcu.externaltools.gnu-tools-for-stm32.13.3.rel1.macos64_1.0.0.202411102158/tools/bin/../lib/gcc/arm-none-eabi/13.3.1/thumb/v7e-m+fp/hard/libgcc.a(_arm_cmpdf2.o)
__aeabi_cdrcmple                                  /Applications/STM32CubeIDE.app/Contents/Eclipse/plugins/com.st.stm32cube.ide.mcu.externaltools.gnu-tools-for-stm32.13.3.rel1.macos64_1.0.0.202411102158/tools/bin/../lib/gcc/arm-none-eabi/13.3.1/thumb/v7e-m+fp/hard/libgcc.a(_arm_cmpdf2.o)
__aeabi_dadd                                      /Applications/STM32CubeIDE.app/Contents/Eclipse/plugins/com.st.stm32cube.ide.mcu.externaltools.gnu-tools-for-stm32.13.3.rel1.macos64_1.0.0.202411102158/tools/bin/../lib/gcc/arm-none-eabi/13.3.1/thumb/v7e-m+fp/hard/libgcc.a(_arm_addsubdf3.o)
                                                  build/main.o
__aeabi_dcmpeq                                    /Applications/STM32CubeIDE.app/Contents/Eclipse/plugins/com.st.stm32cube.ide.mcu.externaltools.gnu-tools-for-stm32.13.3.rel1.macos64_1.0.0.202411102158/tools/bin/../lib/gcc/arm-none-eabi/13.3.1/thumb/v7e-m+fp/hard/libgcc.a(_arm_cmpdf2.o)
__aeabi_dcmpge                                    /Applications/STM32CubeIDE.app/Contents/Eclipse/plugins/com.st.stm32cube.ide.mcu.externaltools.gnu-tools-for-stm32.13.3.rel1.macos64_1.0.0.202411102158/tools/bin/../lib/gcc/arm-none-eabi/13.3.1/thumb/v7e-m+fp/hard/libgcc.a(_arm_cmpdf2.o)
__aeabi_dcmpgt                                    /Applications/STM32CubeIDE.app/Contents/Eclipse/plugins/com.st.stm32cube.ide.mcu.externaltools.gnu-tools-for-stm32.13.3.rel1.macos64_1.0.0.202411102158/tools/bin/../lib/gcc/arm-none-eabi/13.3.1/thumb/v7e-m+fp/hard/libgcc.a(_arm_cmpdf2.o)
__aeabi_dcmple                                    /Applications/STM32CubeIDE.app/Contents/Eclipse/plugins/com.st.stm32cube.ide.mcu.externaltools.gnu-tools-for-stm32.13.3.rel1.macos64_1.0.0.202411102158/tools/bin/../lib/gcc/arm-none-eabi/13.3.1/thumb/v7e-m+fp/hard/libgcc.a(_arm_cmpdf2.o)
                                                  build/main.o
__aeabi_dcmplt                                    /Applications/STM32CubeIDE.app/Contents/Eclipse/plugins/com.st.stm32cube.ide.mcu.externaltools.gnu-tools-for-stm32.13.3.rel1.macos64_1.0.0.202411102158/tools/bin/../lib/gcc/arm-none-eabi/13.3.1/thumb/v7e-m+fp/hard/libgcc.a(_arm_cmpdf2.o)
__aeabi_ddiv                                      /Applications/STM32CubeIDE.app/Contents/Eclipse/plugins/com.st.stm32cube.ide.mcu.externaltools.gnu-tools-for-stm32.13.3.rel1.macos64_1.0.0.202411102158/tools/bin/../lib/gcc/arm-none-eabi/13.3.1/thumb/v7e-m+fp/hard/libgcc.a(_arm_muldivdf3.o)
                                                  build/main.o
__aeabi_dmul                                      /Applications/STM32CubeIDE.app/Contents/Eclipse/plugins/com.st.stm32cube.ide.mcu.externaltools.gnu-tools-for-stm32.13.3.rel1.macos64_1.0.0.202411102158/tools/bin/../lib/gcc/arm-none-eabi/13.3.1/thumb/v7e-m+fp/hard/libgcc.a(_arm_muldivdf3.o)
                                                  /Applications/STM32CubeIDE.app/Contents/Eclipse/plugins/com.st.stm32cube.ide.mcu.externaltools.gnu-tools-for-stm32.13.3.rel1.macos64_1.0.0.202411102158/tools/bin/../lib/gcc/arm-none-eabi/13.3.1/thumb/v7e-m+fp/hard/libgcc.a(_arm_muldf3.o)
                                                  build/main.o
__aeabi_drsub                                     /Applications/STM32CubeIDE.app/Contents/Eclipse/plugins/com.st.stm32cube.ide.mcu.externaltools.gnu-tools-for-stm32.13.3.rel1.macos64_1.0.0.202411102158/tools/bin/../lib/gcc/arm-none-eabi/13.3.1/thumb/v7e-m+fp/hard/libgcc.a(_arm_addsubdf3.o)
__aeabi_dsub                                      /Applications/STM32CubeIDE.app/Contents/Eclipse/plugins/com.st.stm32cube.ide.mcu.externaltools.gnu-tools-for-stm32.13.3.rel1.macos64_1.0.0.202411102158/tools/bin/../lib/gcc/arm-none-eabi/13.3.1/thumb/v7e-m+fp/hard/libgcc.a(_arm_addsubdf3.o)
                                                  build/main.o
__aeabi_f2d                                       /Applications/STM32CubeIDE.app/Contents/Eclipse/plugins/com.st.stm32cube.ide.mcu.externaltools.gnu-tools-for-stm32.13.3.rel1.macos64_1.0.0.202411102158/tools/bin/../lib/gcc/arm-none-eabi/13.3.1/thumb/v7e-m+fp/hard/libgcc.a(_arm_addsubdf3.o)
__aeabi_i2d                                       /Applications/STM32CubeIDE.app/Contents/Eclipse/plugins/com.st.stm32cube.ide.mcu.externaltools.gnu-tools-for-stm32.13.3.rel1.macos64_1.0.0.202411102158/tools/bin/../lib/gcc/arm-none-eabi/13.3.1/thumb/v7e-m+fp/hard/libgcc.a(_arm_addsubdf3.o)
                                                  build/main.o
__aeabi_idiv0                                     /Applications/STM32CubeIDE.app/Contents/Eclipse/plugins/com.st.stm32cube.ide.mcu.externaltools.gnu-tools-for-stm32.13.3.rel1.macos64_1.0.0.202411102158/tools/bin/../lib/gcc/arm-none-eabi/13.3.1/thumb/v7e-m+fp/hard/libgcc.a(_dvmd_tls.o)
__aeabi_l2d                                       /Applications/STM32CubeIDE.app/Contents/Eclipse/plugins/com.st.stm32cube.ide.mcu.externaltools.gnu-tools-for-stm32.13.3.rel1.macos64_1.0.0.202411102158/tools/bin/../lib/gcc/arm-none-eabi/13.3.1/thumb/v7e-m+fp/hard/libgcc.a(_arm_addsubdf3.o)
__aeabi_ldiv0                                     /Applications/STM32CubeIDE.app/Contents/Eclipse/plugins/com.st.stm32cube.ide.mcu.externaltools.gnu-tools-for-stm32.13.3.rel1.macos64_1.0.0.202411102158/tools/bin/../lib/gcc/arm-none-eabi/13.3.1/thumb/v7e-m+fp/hard/libgcc.a(_dvmd_tls.o)
                                                  /Applications/STM32CubeIDE.app/Contents/Eclipse/plugins/com.st.stm32cube.ide.mcu.externaltools.gnu-tools-for-stm32.13.3.rel1.macos64_1.0.0.202411102158/tools/bin/../lib/gcc/arm-none-eabi/13.3.1/thumb/v7e-m+fp/hard/libgcc.a(_aeabi_uldivmod.o)
__aeabi_ui2d                                      /Applications/STM32CubeIDE.app/Contents/Eclipse/plugins/com.st.stm32cube.ide.mcu.externaltools.gnu-tools-for-stm32.13.3.rel1.macos64_1.0.0.202411102158/tools/bin/../lib/gcc/arm-none-eabi/13.3.1/thumb/v7e-m+fp/hard/libgcc.a(_arm_addsubdf3.o)
                                                  build/main.o
__aeabi_ul2d                                      /Applications/STM32CubeIDE.app/Contents/Eclipse/plugins/com.st.stm32cube.ide.mcu.externaltools.gnu-tools-for-stm32.13.3.rel1.macos64_1.0.0.202411102158/tools/bin/../lib/gcc/arm-none-eabi/13.3.1/thumb/v7e-m+fp/hard/libgcc.a(_arm_addsubdf3.o)
__aeabi_uldivmod                                  /Applications/STM32CubeIDE.app/Contents/Eclipse/plugins/com.st.stm32cube.ide.mcu.externaltools.gnu-tools-for-stm32.13.3.rel1.macos64_1.0.0.202411102158/tools/bin/../lib/gcc/arm-none-eabi/13.3.1/thumb/v7e-m+fp/hard/libgcc.a(_aeabi_uldivmod.o)
                                                  build/stm32f4xx_hal_rcc_ex.o
                                                  build/stm32f4xx_hal_rcc.o
__bss_end__                                       /Applications/STM32CubeIDE.app/Contents/Eclipse/plugins/com.st.stm32cube.ide.mcu.externaltools.gnu-tools-for-stm32.13.3.rel1.macos64_1.0.0.202411102158/tools/bin/../lib/gcc/arm-none-eabi/13.3.1/../../../../arm-none-eabi/lib/thumb/v7e-m+fp/hard/crt0.o
__bss_start__                                     /Applications/STM32CubeIDE.app/Contents/Eclipse/plugins/com.st.stm32cube.ide.mcu.externaltools.gnu-tools-for-stm32.13.3.rel1.macos64_1.0.0.202411102158/tools/bin/../lib/gcc/arm-none-eabi/13.3.1/../../../../arm-none-eabi/lib/thumb/v7e-m+fp/hard/crt0.o
__call_exitprocs                                  /Applications/STM32CubeIDE.app/Contents/Eclipse/plugins/com.st.stm32cube.ide.mcu.externaltools.gnu-tools-for-stm32.13.3.rel1.macos64_1.0.0.202411102158/tools/bin/../lib/gcc/arm-none-eabi/13.3.1/../../../../arm-none-eabi/lib/thumb/v7e-m+fp/hard/libc_nano.a(libc_a-exit.o)
__cmpdf2                                          /Applications/STM32CubeIDE.app/Contents/Eclipse/plugins/com.st.stm32cube.ide.mcu.externaltools.gnu-tools-for-stm32.13.3.rel1.macos64_1.0.0.202411102158/tools/bin/../lib/gcc/arm-none-eabi/13.3.1/thumb/v7e-m+fp/hard/libgcc.a(_arm_cmpdf2.o)
__deregister_frame_info                           /Applications/STM32CubeIDE.app/Contents/Eclipse/plugins/com.st.stm32cube.ide.mcu.externaltools.gnu-tools-for-stm32.13.3.rel1.macos64_1.0.0.202411102158/tools/bin/../lib/gcc/arm-none-eabi/13.3.1/thumb/v7e-m+fp/hard/crtbegin.o
__divdf3                                          /Applications/STM32CubeIDE.app/Contents/Eclipse/plugins/com.st.stm32cube.ide.mcu.externaltools.gnu-tools-for-stm32.13.3.rel1.macos64_1.0.0.202411102158/tools/bin/../lib/gcc/arm-none-eabi/13.3.1/thumb/v7e-m+fp/hard/libgcc.a(_arm_muldivdf3.o)
__dso_handle                                      /Applications/STM32CubeIDE.app/Contents/Eclipse/plugins/com.st.stm32cube.ide.mcu.externaltools.gnu-tools-for-stm32.13.3.rel1.macos64_1.0.0.202411102158/tools/bin/../lib/gcc/arm-none-eabi/13.3.1/thumb/v7e-m+fp/hard/crtbegin.o
__env                                             build/syscalls.o
__eqdf2                                           /Applications/STM32CubeIDE.app/Contents/Eclipse/plugins/com.st.stm32cube.ide.mcu.externaltools.gnu-tools-for-stm32.13.3.rel1.macos64_1.0.0.202411102158/tools/bin/../lib/gcc/arm-none-eabi/13.3.1/thumb/v7e-m+fp/hard/libgcc.a(_arm_cmpdf2.o)
__errno                                           /Applications/STM32CubeIDE.app/Contents/Eclipse/plugins/com.st.stm32cube.ide.mcu.externaltools.gnu-tools-for-stm32.13.3.rel1.macos64_1.0.0.202411102158/tools/bin/../lib/gcc/arm-none-eabi/13.3.1/../../../../arm-none-eabi/lib/thumb/v7e-m+fp/hard/libc_nano.a(libc_a-errno.o)
                                                  build/syscalls.o
                                                  build/sysmem.o
__extendsfdf2                                     /Applications/STM32CubeIDE.app/Contents/Eclipse/plugins/com.st.stm32cube.ide.mcu.externaltools.gnu-tools-for-stm32.13.3.rel1.macos64_1.0.0.202411102158/tools/bin/../lib/gcc/arm-none-eabi/13.3.1/thumb/v7e-m+fp/hard/libgcc.a(_arm_addsubdf3.o)
__floatdidf                                       /Applications/STM32CubeIDE.app/Contents/Eclipse/plugins/com.st.stm32cube.ide.mcu.externaltools.gnu-tools-for-stm32.13.3.rel1.macos64_1.0.0.202411102158/tools/bin/../lib/gcc/arm-none-eabi/13.3.1/thumb/v7e-m+fp/hard/libgcc.a(_arm_addsubdf3.o)
__floatsidf                                       /Applications/STM32CubeIDE.app/Contents/Eclipse/plugins/com.st.stm32cube.ide.mcu.externaltools.gnu-tools-for-stm32.13.3.rel1.macos64_1.0.0.202411102158/tools/bin/../lib/gcc/arm-none-eabi/13.3.1/thumb/v7e-m+fp/hard/libgcc.a(_arm_addsubdf3.o)
__floatundidf                                     /Applications/STM32CubeIDE.app/Contents/Eclipse/plugins/com.st.stm32cube.ide.mcu.externaltools.gnu-tools-for-stm32.13.3.rel1.macos64_1.0.0.202411102158/tools/bin/../lib/gcc/arm-none-eabi/13.3.1/thumb/v7e-m+fp/hard/libgcc.a(_arm_addsubdf3.o)
__floatunsidf                                     /Applications/STM32CubeIDE.app/Contents/Eclipse/plugins/com.st.stm32cube.ide.mcu.externaltools.gnu-tools-for-stm32.13.3.rel1.macos64_1.0.0.202411102158/tools/bin/../lib/gcc/arm-none-eabi/13.3.1/thumb/v7e-m+fp/hard/libgcc.a(_arm_addsubdf3.o)
__fp_lock_all                                     /Applications/STM32CubeIDE.app/Contents/Eclipse/plugins/com.st.stm32cube.ide.mcu.externaltools.gnu-tools-for-stm32.13.3.rel1.macos64_1.0.0.202411102158/tools/bin/../lib/gcc/arm-none-eabi/13.3.1/../../../../arm-none-eabi/lib/thumb/v7e-m+fp/hard/libc_nano.a(libc_a-findfp.o)
__fp_unlock_all                                   /Applications/STM32CubeIDE.app/Contents/Eclipse/plugins/com.st.stm32cube.ide.mcu.externaltools.gnu-tools-for-stm32.13.3.rel1.macos64_1.0.0.202411102158/tools/bin/../lib/gcc/arm-none-eabi/13.3.1/../../../../arm-none-eabi/lib/thumb/v7e-m+fp/hard/libc_nano.a(libc_a-findfp.o)
__gedf2                                           /Applications/STM32CubeIDE.app/Contents/Eclipse/plugins/com.st.stm32cube.ide.mcu.externaltools.gnu-tools-for-stm32.13.3.rel1.macos64_1.0.0.202411102158/tools/bin/../lib/gcc/arm-none-eabi/13.3.1/thumb/v7e-m+fp/hard/libgcc.a(_arm_cmpdf2.o)
__gtdf2                                           /Applications/STM32CubeIDE.app/Contents/Eclipse/plugins/com.st.stm32cube.ide.mcu.externaltools.gnu-tools-for-stm32.13.3.rel1.macos64_1.0.0.202411102158/tools/bin/../lib/gcc/arm-none-eabi/13.3.1/thumb/v7e-m+fp/hard/libgcc.a(_arm_cmpdf2.o)
__init_array_end                                  /Applications/STM32CubeIDE.app/Contents/Eclipse/plugins/com.st.stm32cube.ide.mcu.externaltools.gnu-tools-for-stm32.13.3.rel1.macos64_1.0.0.202411102158/tools/bin/../lib/gcc/arm-none-eabi/13.3.1/../../../../arm-none-eabi/lib/thumb/v7e-m+fp/hard/libc_nano.a(libc_a-init.o)
__init_array_start                                /Applications/STM32CubeIDE.app/Contents/Eclipse/plugins/com.st.stm32cube.ide.mcu.externaltools.gnu-tools-for-stm32.13.3.rel1.macos64_1.0.0.202411102158/tools/bin/../lib/gcc/arm-none-eabi/13.3.1/../../../../arm-none-eabi/lib/thumb/v7e-m+fp/hard/libc_nano.a(libc_a-init.o)
__io_getchar                                      build/syscalls.o
__io_putchar                                      build/syscalls.o
__ledf2                                           /Applications/STM32CubeIDE.app/Contents/Eclipse/plugins/com.st.stm32cube.ide.mcu.externaltools.gnu-tools-for-stm32.13.3.rel1.macos64_1.0.0.202411102158/tools/bin/../lib/gcc/arm-none-eabi/13.3.1/thumb/v7e-m+fp/hard/libgcc.a(_arm_cmpdf2.o)
__libc_fini_array                                 /Applications/STM32CubeIDE.app/Contents/Eclipse/plugins/com.st.stm32cube.ide.mcu.externaltools.gnu-tools-for-stm32.13.3.rel1.macos64_1.0.0.202411102158/tools/bin/../lib/gcc/arm-none-eabi/13.3.1/../../../../arm-none-eabi/lib/thumb/v7e-m+fp/hard/crt0.o
__libc_init_array                                 /Applications/STM32CubeIDE.app/Contents/Eclipse/plugins/com.st.stm32cube.ide.mcu.externaltools.gnu-tools-for-stm32.13.3.rel1.macos64_1.0.0.202411102158/tools/bin/../lib/gcc/arm-none-eabi/13.3.1/../../../../arm-none-eabi/lib/thumb/v7e-m+fp/hard/libc_nano.a(libc_a-init.o)
                                                  build/startup_stm32f446xx.o
                                                  /Applications/STM32CubeIDE.app/Contents/Eclipse/plugins/com.st.stm32cube.ide.mcu.externaltools.gnu-tools-for-stm32.13.3.rel1.macos64_1.0.0.202411102158/tools/bin/../lib/gcc/arm-none-eabi/13.3.1/../../../../arm-none-eabi/lib/thumb/v7e-m+fp/hard/crt0.o
__lock___arc4random_mutex                         /Applications/STM32CubeIDE.app/Contents/Eclipse/plugins/com.st.stm32cube.ide.mcu.externaltools.gnu-tools-for-stm32.13.3.rel1.macos64_1.0.0.202411102158/tools/bin/../lib/gcc/arm-none-eabi/13.3.1/../../../../arm-none-eabi/lib/thumb/v7e-m+fp/hard/libc_nano.a(libc_a-lock.o)
__lock___at_quick_exit_mutex                      /Applications/STM32CubeIDE.app/Contents/Eclipse/plugins/com.st.stm32cube.ide.mcu.externaltools.gnu-tools-for-stm32.13.3.rel1.macos64_1.0.0.202411102158/tools/bin/../lib/gcc/arm-none-eabi/13.3.1/../../../../arm-none-eabi/lib/thumb/v7e-m+fp/hard/libc_nano.a(libc_a-lock.o)
__lock___atexit_recursive_mutex                   /Applications/STM32CubeIDE.app/Contents/Eclipse/plugins/com.st.stm32cube.ide.mcu.externaltools.gnu-tools-for-stm32.13.3.rel1.macos64_1.0.0.202411102158/tools/bin/../lib/gcc/arm-none-eabi/13.3.1/../../../../arm-none-eabi/lib/thumb/v7e-m+fp/hard/libc_nano.a(libc_a-lock.o)
__lock___dd_hash_mutex                            /Applications/STM32CubeIDE.app/Contents/Eclipse/plugins/com.st.stm32cube.ide.mcu.externaltools.gnu-tools-for-stm32.13.3.rel1.macos64_1.0.0.202411102158/tools/bin/../lib/gcc/arm-none-eabi/13.3.1/../../../../arm-none-eabi/lib/thumb/v7e-m+fp/hard/libc_nano.a(libc_a-lock.o)
__lock___env_recursive_mutex                      /Applications/STM32CubeIDE.app/Contents/Eclipse/plugins/com.st.stm32cube.ide.mcu.externaltools.gnu-tools-for-stm32.13.3.rel1.macos64_1.0.0.202411102158/tools/bin/../lib/gcc/arm-none-eabi/13.3.1/../../../../arm-none-eabi/lib/thumb/v7e-m+fp/hard/libc_nano.a(libc_a-lock.o)